num docs: 32033
vocab size: 27
num params: 4192
wrote .\data\train.txt: 1000 docs
wrote .\data\val.txt: 2000 docs
wrote .\data\test.txt: 2000 docs
step     1/ 1000 | loss 3.3660 | avg50 3.3660 |  15.77 steps/s | elapsed   0.00m | eta   1.06m
step     2/ 1000 | loss 3.4243 | avg50 3.3951 |  13.14 steps/s | elapsed   0.00m | eta   1.27m
step     3/ 1000 | loss 3.1778 | avg50 3.3227 |  12.92 steps/s | elapsed   0.00m | eta   1.29m
step     4/ 1000 | loss 3.0664 | avg50 3.2586 |  14.71 steps/s | elapsed   0.00m | eta   1.13m
step     5/ 1000 | loss 3.2209 | avg50 3.2511 |  12.56 steps/s | elapsed   0.01m | eta   1.32m
step     6/ 1000 | loss 2.9452 | avg50 3.2001 |  12.64 steps/s | elapsed   0.01m | eta   1.31m
step     7/ 1000 | loss 3.2894 | avg50 3.2128 |  13.70 steps/s | elapsed   0.01m | eta   1.21m
step     8/ 1000 | loss 3.3245 | avg50 3.2268 |  14.15 steps/s | elapsed   0.01m | eta   1.17m
step     9/ 1000 | loss 2.8990 | avg50 3.1904 |  13.42 steps/s | elapsed   0.01m | eta   1.23m
step    10/ 1000 | loss 3.2229 | avg50 3.1936 |  13.07 steps/s | elapsed   0.01m | eta   1.26m
step    11/ 1000 | loss 2.7964 | avg50 3.1575 |  13.48 steps/s | elapsed   0.01m | eta   1.22m
step    12/ 1000 | loss 2.9345 | avg50 3.1389 |  13.37 steps/s | elapsed   0.01m | eta   1.23m
step    13/ 1000 | loss 3.0544 | avg50 3.1324 |  13.13 steps/s | elapsed   0.02m | eta   1.25m
step    14/ 1000 | loss 3.0905 | avg50 3.1294 |  12.97 steps/s | elapsed   0.02m | eta   1.27m
step    15/ 1000 | loss 3.0651 | avg50 3.1251 |  12.71 steps/s | elapsed   0.02m | eta   1.29m
step    16/ 1000 | loss 2.7337 | avg50 3.1007 |  12.67 steps/s | elapsed   0.02m | eta   1.29m
step    17/ 1000 | loss 2.8839 | avg50 3.0879 |  13.00 steps/s | elapsed   0.02m | eta   1.26m
step    18/ 1000 | loss 2.8977 | avg50 3.0774 |  12.70 steps/s | elapsed   0.02m | eta   1.29m
step    19/ 1000 | loss 2.7073 | avg50 3.0579 |  12.44 steps/s | elapsed   0.03m | eta   1.31m
step    20/ 1000 | loss 2.7453 | avg50 3.0423 |  12.33 steps/s | elapsed   0.03m | eta   1.32m
step    21/ 1000 | loss 3.7212 | avg50 3.0746 |  12.56 steps/s | elapsed   0.03m | eta   1.30m
step    22/ 1000 | loss 2.8026 | avg50 3.0622 |  12.03 steps/s | elapsed   0.03m | eta   1.35m
step    23/ 1000 | loss 2.8241 | avg50 3.0519 |  12.01 steps/s | elapsed   0.03m | eta   1.36m
step    24/ 1000 | loss 2.0374 | avg50 3.0096 |  11.86 steps/s | elapsed   0.03m | eta   1.37m
step    25/ 1000 | loss 3.3698 | avg50 3.0240 |  12.02 steps/s | elapsed   0.03m | eta   1.35m
step    26/ 1000 | loss 2.9154 | avg50 3.0198 |  12.21 steps/s | elapsed   0.04m | eta   1.33m
step    27/ 1000 | loss 3.2795 | avg50 3.0294 |  11.84 steps/s | elapsed   0.04m | eta   1.37m
step    28/ 1000 | loss 2.9195 | avg50 3.0255 |  11.74 steps/s | elapsed   0.04m | eta   1.38m
step    29/ 1000 | loss 2.3027 | avg50 3.0006 |  11.63 steps/s | elapsed   0.04m | eta   1.39m
step    30/ 1000 | loss 2.2691 | avg50 2.9762 |  11.57 steps/s | elapsed   0.04m | eta   1.40m
step    31/ 1000 | loss 2.8957 | avg50 2.9736 |  11.15 steps/s | elapsed   0.05m | eta   1.45m
step    32/ 1000 | loss 2.9539 | avg50 2.9730 |  11.24 steps/s | elapsed   0.05m | eta   1.44m
step    33/ 1000 | loss 2.6819 | avg50 2.9642 |  11.05 steps/s | elapsed   0.05m | eta   1.46m
step    34/ 1000 | loss 2.1899 | avg50 2.9414 |  11.08 steps/s | elapsed   0.05m | eta   1.45m
step    35/ 1000 | loss 3.1121 | avg50 2.9463 |  11.11 steps/s | elapsed   0.05m | eta   1.45m
step    36/ 1000 | loss 2.7269 | avg50 2.9402 |  11.16 steps/s | elapsed   0.05m | eta   1.44m
step    37/ 1000 | loss 2.4928 | avg50 2.9281 |  11.12 steps/s | elapsed   0.06m | eta   1.44m
step    38/ 1000 | loss 2.9746 | avg50 2.9293 |  11.05 steps/s | elapsed   0.06m | eta   1.45m
step    39/ 1000 | loss 2.2992 | avg50 2.9132 |  11.18 steps/s | elapsed   0.06m | eta   1.43m
step    40/ 1000 | loss 2.8604 | avg50 2.9118 |  11.14 steps/s | elapsed   0.06m | eta   1.44m
step    41/ 1000 | loss 2.3052 | avg50 2.8970 |  11.13 steps/s | elapsed   0.06m | eta   1.44m
step    42/ 1000 | loss 2.5615 | avg50 2.8891 |  11.25 steps/s | elapsed   0.06m | eta   1.42m
step    43/ 1000 | loss 2.9018 | avg50 2.8894 |  11.24 steps/s | elapsed   0.06m | eta   1.42m
step    44/ 1000 | loss 2.4472 | avg50 2.8793 |  11.28 steps/s | elapsed   0.06m | eta   1.41m
step    45/ 1000 | loss 2.1513 | avg50 2.8631 |  11.30 steps/s | elapsed   0.07m | eta   1.41m
step    46/ 1000 | loss 3.0613 | avg50 2.8674 |  11.34 steps/s | elapsed   0.07m | eta   1.40m
step    47/ 1000 | loss 2.5581 | avg50 2.8609 |  11.33 steps/s | elapsed   0.07m | eta   1.40m
step    48/ 1000 | loss 3.0171 | avg50 2.8641 |  11.40 steps/s | elapsed   0.07m | eta   1.39m
step    49/ 1000 | loss 2.6902 | avg50 2.8606 |  11.41 steps/s | elapsed   0.07m | eta   1.39m
step    50/ 1000 | loss 2.4050 | avg50 2.8514 |  11.53 steps/s | elapsed   0.07m | eta   1.37m
step    51/ 1000 | loss 3.6813 | avg50 2.8578 |  11.47 steps/s | elapsed   0.07m | eta   1.38m
step    52/ 1000 | loss 2.8990 | avg50 2.8473 |  11.33 steps/s | elapsed   0.08m | eta   1.39m
step    53/ 1000 | loss 3.0358 | avg50 2.8444 |  11.27 steps/s | elapsed   0.08m | eta   1.40m
step    54/ 1000 | loss 2.2217 | avg50 2.8275 |  11.31 steps/s | elapsed   0.08m | eta   1.39m
step    55/ 1000 | loss 2.7366 | avg50 2.8178 |  11.11 steps/s | elapsed   0.08m | eta   1.42m
step    56/ 1000 | loss 2.2113 | avg50 2.8032 |  10.99 steps/s | elapsed   0.08m | eta   1.43m
step    57/ 1000 | loss 2.6736 | avg50 2.7908 |  10.98 steps/s | elapsed   0.09m | eta   1.43m
step    58/ 1000 | loss 2.4947 | avg50 2.7742 |  10.90 steps/s | elapsed   0.09m | eta   1.44m
step    59/ 1000 | loss 2.6330 | avg50 2.7689 |  10.87 steps/s | elapsed   0.09m | eta   1.44m
step    60/ 1000 | loss 2.9024 | avg50 2.7625 |  10.74 steps/s | elapsed   0.09m | eta   1.46m
step    61/ 1000 | loss 2.6594 | avg50 2.7598 |  10.68 steps/s | elapsed   0.10m | eta   1.47m
step    62/ 1000 | loss 2.4527 | avg50 2.7501 |  10.55 steps/s | elapsed   0.10m | eta   1.48m
step    63/ 1000 | loss 2.7178 | avg50 2.7434 |  10.56 steps/s | elapsed   0.10m | eta   1.48m
step    64/ 1000 | loss 2.8619 | avg50 2.7388 |  10.44 steps/s | elapsed   0.10m | eta   1.49m
step    65/ 1000 | loss 2.8474 | avg50 2.7345 |  10.45 steps/s | elapsed   0.10m | eta   1.49m
step    66/ 1000 | loss 2.8673 | avg50 2.7372 |  10.45 steps/s | elapsed   0.11m | eta   1.49m
step    67/ 1000 | loss 2.7473 | avg50 2.7344 |  10.50 steps/s | elapsed   0.11m | eta   1.48m
step    68/ 1000 | loss 2.5459 | avg50 2.7274 |  10.42 steps/s | elapsed   0.11m | eta   1.49m
step    69/ 1000 | loss 2.5597 | avg50 2.7244 |  10.38 steps/s | elapsed   0.11m | eta   1.50m
step    70/ 1000 | loss 2.8365 | avg50 2.7263 |  10.25 steps/s | elapsed   0.11m | eta   1.51m
step    71/ 1000 | loss 3.4163 | avg50 2.7202 |  10.23 steps/s | elapsed   0.12m | eta   1.51m
step    72/ 1000 | loss 2.5205 | avg50 2.7145 |  10.20 steps/s | elapsed   0.12m | eta   1.52m
step    73/ 1000 | loss 2.5853 | avg50 2.7097 |  10.23 steps/s | elapsed   0.12m | eta   1.51m
step    74/ 1000 | loss 2.4236 | avg50 2.7175 |  10.10 steps/s | elapsed   0.12m | eta   1.53m
step    75/ 1000 | loss 2.4053 | avg50 2.6982 |  10.06 steps/s | elapsed   0.12m | eta   1.53m
step    76/ 1000 | loss 2.7836 | avg50 2.6955 |  10.00 steps/s | elapsed   0.13m | eta   1.54m
step    77/ 1000 | loss 2.8438 | avg50 2.6868 |   9.90 steps/s | elapsed   0.13m | eta   1.55m
step    78/ 1000 | loss 3.0302 | avg50 2.6890 |   9.90 steps/s | elapsed   0.13m | eta   1.55m
step    79/ 1000 | loss 2.3869 | avg50 2.6907 |   9.91 steps/s | elapsed   0.13m | eta   1.55m
step    80/ 1000 | loss 2.3910 | avg50 2.6932 |   9.80 steps/s | elapsed   0.14m | eta   1.57m
step    81/ 1000 | loss 2.3688 | avg50 2.6826 |   9.77 steps/s | elapsed   0.14m | eta   1.57m
step    82/ 1000 | loss 3.1079 | avg50 2.6857 |   9.82 steps/s | elapsed   0.14m | eta   1.56m
step    83/ 1000 | loss 2.5942 | avg50 2.6839 |   9.81 steps/s | elapsed   0.14m | eta   1.56m
step    84/ 1000 | loss 2.1857 | avg50 2.6839 |   9.89 steps/s | elapsed   0.14m | eta   1.54m
step    85/ 1000 | loss 2.1898 | avg50 2.6654 |   9.92 steps/s | elapsed   0.14m | eta   1.54m
step    86/ 1000 | loss 2.4624 | avg50 2.6601 |   9.93 steps/s | elapsed   0.14m | eta   1.53m
step    87/ 1000 | loss 2.9832 | avg50 2.6699 |   9.97 steps/s | elapsed   0.15m | eta   1.53m
step    88/ 1000 | loss 2.7304 | avg50 2.6650 |   9.99 steps/s | elapsed   0.15m | eta   1.52m
step    89/ 1000 | loss 2.6506 | avg50 2.6721 |  10.05 steps/s | elapsed   0.15m | eta   1.51m
step    90/ 1000 | loss 2.5744 | avg50 2.6664 |  10.11 steps/s | elapsed   0.15m | eta   1.50m
step    91/ 1000 | loss 2.5922 | avg50 2.6721 |  10.12 steps/s | elapsed   0.15m | eta   1.50m
step    92/ 1000 | loss 3.1646 | avg50 2.6842 |  10.16 steps/s | elapsed   0.15m | eta   1.49m
step    93/ 1000 | loss 2.9175 | avg50 2.6845 |  10.22 steps/s | elapsed   0.15m | eta   1.48m
step    94/ 1000 | loss 2.9945 | avg50 2.6954 |  10.25 steps/s | elapsed   0.15m | eta   1.47m
step    95/ 1000 | loss 2.3016 | avg50 2.6984 |  10.31 steps/s | elapsed   0.15m | eta   1.46m
step    96/ 1000 | loss 2.4319 | avg50 2.6858 |  10.32 steps/s | elapsed   0.16m | eta   1.46m
step    97/ 1000 | loss 2.0333 | avg50 2.6753 |  10.36 steps/s | elapsed   0.16m | eta   1.45m
step    98/ 1000 | loss 3.3962 | avg50 2.6829 |  10.35 steps/s | elapsed   0.16m | eta   1.45m
step    99/ 1000 | loss 2.2613 | avg50 2.6743 |  10.37 steps/s | elapsed   0.16m | eta   1.45m
step   100/ 1000 | loss 3.3669 | avg50 2.6936 |  10.40 steps/s | elapsed   0.16m | eta   1.44m
step   101/ 1000 | loss 2.4483 | avg50 2.6689 |  10.40 steps/s | elapsed   0.16m | eta   1.44m
step   102/ 1000 | loss 2.2889 | avg50 2.6567 |  10.44 steps/s | elapsed   0.16m | eta   1.43m
step   103/ 1000 | loss 2.7991 | avg50 2.6520 |  10.47 steps/s | elapsed   0.16m | eta   1.43m
step   104/ 1000 | loss 2.6872 | avg50 2.6613 |  10.51 steps/s | elapsed   0.16m | eta   1.42m
step   105/ 1000 | loss 2.6311 | avg50 2.6592 |  10.53 steps/s | elapsed   0.17m | eta   1.42m
step   106/ 1000 | loss 2.4243 | avg50 2.6634 |  10.55 steps/s | elapsed   0.17m | eta   1.41m
step   107/ 1000 | loss 2.8984 | avg50 2.6679 |  10.59 steps/s | elapsed   0.17m | eta   1.41m
step   108/ 1000 | loss 2.2613 | avg50 2.6633 |  10.59 steps/s | elapsed   0.17m | eta   1.40m
step   109/ 1000 | loss 2.2090 | avg50 2.6548 |  10.62 steps/s | elapsed   0.17m | eta   1.40m
step   110/ 1000 | loss 2.5113 | avg50 2.6470 |  10.65 steps/s | elapsed   0.17m | eta   1.39m
step   111/ 1000 | loss 2.6165 | avg50 2.6461 |  10.68 steps/s | elapsed   0.17m | eta   1.39m
step   112/ 1000 | loss 2.6483 | avg50 2.6500 |  10.69 steps/s | elapsed   0.17m | eta   1.38m
step   113/ 1000 | loss 2.6772 | avg50 2.6492 |  10.73 steps/s | elapsed   0.18m | eta   1.38m
step   114/ 1000 | loss 2.2588 | avg50 2.6371 |  10.76 steps/s | elapsed   0.18m | eta   1.37m
step   115/ 1000 | loss 2.2152 | avg50 2.6245 |  10.80 steps/s | elapsed   0.18m | eta   1.37m
step   116/ 1000 | loss 2.8152 | avg50 2.6235 |  10.80 steps/s | elapsed   0.18m | eta   1.36m
step   117/ 1000 | loss 2.6372 | avg50 2.6213 |  10.79 steps/s | elapsed   0.18m | eta   1.36m
step   118/ 1000 | loss 2.0875 | avg50 2.6121 |  10.85 steps/s | elapsed   0.18m | eta   1.36m
step   119/ 1000 | loss 2.5167 | avg50 2.6112 |  10.89 steps/s | elapsed   0.18m | eta   1.35m
step   120/ 1000 | loss 2.6920 | avg50 2.6083 |  10.86 steps/s | elapsed   0.18m | eta   1.35m
step   121/ 1000 | loss 2.3495 | avg50 2.5870 |  10.89 steps/s | elapsed   0.19m | eta   1.35m
step   122/ 1000 | loss 2.2998 | avg50 2.5826 |  10.92 steps/s | elapsed   0.19m | eta   1.34m
step   123/ 1000 | loss 2.7507 | avg50 2.5859 |  10.95 steps/s | elapsed   0.19m | eta   1.34m
step   124/ 1000 | loss 2.5124 | avg50 2.5877 |  10.97 steps/s | elapsed   0.19m | eta   1.33m
step   125/ 1000 | loss 3.0075 | avg50 2.5997 |  11.00 steps/s | elapsed   0.19m | eta   1.33m
step   126/ 1000 | loss 2.2402 | avg50 2.5889 |  11.03 steps/s | elapsed   0.19m | eta   1.32m
step   127/ 1000 | loss 2.6489 | avg50 2.5850 |  11.05 steps/s | elapsed   0.19m | eta   1.32m
step   128/ 1000 | loss 2.2248 | avg50 2.5689 |  11.07 steps/s | elapsed   0.19m | eta   1.31m
step   129/ 1000 | loss 2.1412 | avg50 2.5639 |  11.08 steps/s | elapsed   0.19m | eta   1.31m
step   130/ 1000 | loss 3.0851 | avg50 2.5778 |  11.09 steps/s | elapsed   0.20m | eta   1.31m
step   131/ 1000 | loss 2.8208 | avg50 2.5869 |  11.11 steps/s | elapsed   0.20m | eta   1.30m
step   132/ 1000 | loss 2.0810 | avg50 2.5663 |  11.11 steps/s | elapsed   0.20m | eta   1.30m
step   133/ 1000 | loss 2.8060 | avg50 2.5706 |  11.13 steps/s | elapsed   0.20m | eta   1.30m
step   134/ 1000 | loss 2.7096 | avg50 2.5810 |  11.13 steps/s | elapsed   0.20m | eta   1.30m
step   135/ 1000 | loss 2.6401 | avg50 2.5900 |  11.15 steps/s | elapsed   0.20m | eta   1.29m
step   136/ 1000 | loss 3.1040 | avg50 2.6029 |  11.14 steps/s | elapsed   0.20m | eta   1.29m
step   137/ 1000 | loss 2.1829 | avg50 2.5869 |  11.17 steps/s | elapsed   0.20m | eta   1.29m
step   138/ 1000 | loss 2.2031 | avg50 2.5763 |  11.17 steps/s | elapsed   0.21m | eta   1.29m
step   139/ 1000 | loss 2.7783 | avg50 2.5789 |  11.20 steps/s | elapsed   0.21m | eta   1.28m
step   140/ 1000 | loss 2.5121 | avg50 2.5776 |  11.21 steps/s | elapsed   0.21m | eta   1.28m
step   141/ 1000 | loss 3.2092 | avg50 2.5900 |  11.23 steps/s | elapsed   0.21m | eta   1.28m
step   142/ 1000 | loss 2.3187 | avg50 2.5731 |  11.23 steps/s | elapsed   0.21m | eta   1.27m
step   143/ 1000 | loss 3.1077 | avg50 2.5769 |  11.25 steps/s | elapsed   0.21m | eta   1.27m
step   144/ 1000 | loss 2.2708 | avg50 2.5624 |  11.22 steps/s | elapsed   0.21m | eta   1.27m
step   145/ 1000 | loss 2.6134 | avg50 2.5686 |  11.22 steps/s | elapsed   0.22m | eta   1.27m
step   146/ 1000 | loss 2.5703 | avg50 2.5714 |  11.25 steps/s | elapsed   0.22m | eta   1.26m
step   147/ 1000 | loss 2.2524 | avg50 2.5758 |  11.29 steps/s | elapsed   0.22m | eta   1.26m
step   148/ 1000 | loss 2.3684 | avg50 2.5552 |  11.27 steps/s | elapsed   0.22m | eta   1.26m
step   149/ 1000 | loss 2.1724 | avg50 2.5534 |  11.29 steps/s | elapsed   0.22m | eta   1.26m
step   150/ 1000 | loss 2.5351 | avg50 2.5368 |  11.28 steps/s | elapsed   0.22m | eta   1.26m
step   151/ 1000 | loss 2.9063 | avg50 2.5460 |  11.28 steps/s | elapsed   0.22m | eta   1.25m
step   152/ 1000 | loss 2.4862 | avg50 2.5499 |  11.29 steps/s | elapsed   0.22m | eta   1.25m
step   153/ 1000 | loss 2.8622 | avg50 2.5512 |  11.33 steps/s | elapsed   0.23m | eta   1.25m
step   154/ 1000 | loss 3.1861 | avg50 2.5611 |  11.37 steps/s | elapsed   0.23m | eta   1.24m
step   155/ 1000 | loss 2.5595 | avg50 2.5597 |  11.34 steps/s | elapsed   0.23m | eta   1.24m
step   156/ 1000 | loss 2.8595 | avg50 2.5684 |  11.32 steps/s | elapsed   0.23m | eta   1.24m
step   157/ 1000 | loss 3.2600 | avg50 2.5757 |  11.36 steps/s | elapsed   0.23m | eta   1.24m
step   158/ 1000 | loss 2.0037 | avg50 2.5705 |  11.35 steps/s | elapsed   0.23m | eta   1.24m
step   159/ 1000 | loss 3.3867 | avg50 2.5941 |  11.38 steps/s | elapsed   0.23m | eta   1.23m
step   160/ 1000 | loss 2.1104 | avg50 2.5860 |  11.39 steps/s | elapsed   0.23m | eta   1.23m
step   161/ 1000 | loss 2.2022 | avg50 2.5777 |  11.42 steps/s | elapsed   0.24m | eta   1.22m
step   162/ 1000 | loss 2.6278 | avg50 2.5773 |  11.42 steps/s | elapsed   0.24m | eta   1.22m
step   163/ 1000 | loss 2.5539 | avg50 2.5749 |  11.40 steps/s | elapsed   0.24m | eta   1.22m
step   164/ 1000 | loss 2.4285 | avg50 2.5783 |  11.40 steps/s | elapsed   0.24m | eta   1.22m
step   165/ 1000 | loss 2.3338 | avg50 2.5806 |  11.41 steps/s | elapsed   0.24m | eta   1.22m
step   166/ 1000 | loss 2.6923 | avg50 2.5782 |  11.42 steps/s | elapsed   0.24m | eta   1.22m
step   167/ 1000 | loss 2.1427 | avg50 2.5683 |  11.44 steps/s | elapsed   0.24m | eta   1.21m
step   168/ 1000 | loss 2.5276 | avg50 2.5771 |  11.45 steps/s | elapsed   0.24m | eta   1.21m
step   169/ 1000 | loss 3.1430 | avg50 2.5896 |  11.44 steps/s | elapsed   0.25m | eta   1.21m
step   170/ 1000 | loss 2.5338 | avg50 2.5865 |  11.47 steps/s | elapsed   0.25m | eta   1.21m
step   171/ 1000 | loss 2.6454 | avg50 2.5924 |  11.49 steps/s | elapsed   0.25m | eta   1.20m
step   172/ 1000 | loss 2.3900 | avg50 2.5942 |  11.49 steps/s | elapsed   0.25m | eta   1.20m
step   173/ 1000 | loss 2.2324 | avg50 2.5838 |  11.51 steps/s | elapsed   0.25m | eta   1.20m
step   174/ 1000 | loss 3.0033 | avg50 2.5936 |  11.53 steps/s | elapsed   0.25m | eta   1.19m
step   175/ 1000 | loss 2.6798 | avg50 2.5871 |  11.52 steps/s | elapsed   0.25m | eta   1.19m
step   176/ 1000 | loss 2.5880 | avg50 2.5940 |  11.51 steps/s | elapsed   0.25m | eta   1.19m
step   177/ 1000 | loss 3.1046 | avg50 2.6031 |  11.52 steps/s | elapsed   0.26m | eta   1.19m
step   178/ 1000 | loss 2.3841 | avg50 2.6063 |  11.50 steps/s | elapsed   0.26m | eta   1.19m
step   179/ 1000 | loss 1.9982 | avg50 2.6035 |  11.50 steps/s | elapsed   0.26m | eta   1.19m
step   180/ 1000 | loss 2.3556 | avg50 2.5889 |  11.53 steps/s | elapsed   0.26m | eta   1.19m
step   181/ 1000 | loss 2.1472 | avg50 2.5754 |  11.52 steps/s | elapsed   0.26m | eta   1.18m
step   182/ 1000 | loss 2.0537 | avg50 2.5749 |  11.54 steps/s | elapsed   0.26m | eta   1.18m
step   183/ 1000 | loss 1.9403 | avg50 2.5575 |  11.56 steps/s | elapsed   0.26m | eta   1.18m
step   184/ 1000 | loss 3.3390 | avg50 2.5701 |  11.60 steps/s | elapsed   0.26m | eta   1.17m
step   185/ 1000 | loss 2.1482 | avg50 2.5603 |  11.61 steps/s | elapsed   0.27m | eta   1.17m
step   186/ 1000 | loss 2.4919 | avg50 2.5481 |  11.61 steps/s | elapsed   0.27m | eta   1.17m
step   187/ 1000 | loss 2.4610 | avg50 2.5536 |  11.64 steps/s | elapsed   0.27m | eta   1.16m
step   188/ 1000 | loss 2.4055 | avg50 2.5577 |  11.63 steps/s | elapsed   0.27m | eta   1.16m
step   189/ 1000 | loss 1.9792 | avg50 2.5417 |  11.65 steps/s | elapsed   0.27m | eta   1.16m
step   190/ 1000 | loss 2.6377 | avg50 2.5442 |  11.65 steps/s | elapsed   0.27m | eta   1.16m
step   191/ 1000 | loss 1.7000 | avg50 2.5140 |  11.64 steps/s | elapsed   0.27m | eta   1.16m
step   192/ 1000 | loss 2.4035 | avg50 2.5157 |  11.64 steps/s | elapsed   0.27m | eta   1.16m
step   193/ 1000 | loss 2.2961 | avg50 2.4995 |  11.65 steps/s | elapsed   0.28m | eta   1.15m
step   194/ 1000 | loss 2.8886 | avg50 2.5118 |  11.65 steps/s | elapsed   0.28m | eta   1.15m
step   195/ 1000 | loss 2.8026 | avg50 2.5156 |  11.63 steps/s | elapsed   0.28m | eta   1.15m
step   196/ 1000 | loss 2.4264 | avg50 2.5127 |  11.65 steps/s | elapsed   0.28m | eta   1.15m
step   197/ 1000 | loss 2.3991 | avg50 2.5157 |  11.64 steps/s | elapsed   0.28m | eta   1.15m
step   198/ 1000 | loss 3.0697 | avg50 2.5297 |  11.65 steps/s | elapsed   0.28m | eta   1.15m
step   199/ 1000 | loss 2.5300 | avg50 2.5368 |  11.66 steps/s | elapsed   0.28m | eta   1.15m
step   200/ 1000 | loss 2.3097 | avg50 2.5323 |  11.65 steps/s | elapsed   0.29m | eta   1.14m
step   201/ 1000 | loss 2.4874 | avg50 2.5240 |  11.64 steps/s | elapsed   0.29m | eta   1.14m
step   202/ 1000 | loss 2.5649 | avg50 2.5255 |  11.67 steps/s | elapsed   0.29m | eta   1.14m
step   203/ 1000 | loss 2.1233 | avg50 2.5108 |  11.69 steps/s | elapsed   0.29m | eta   1.14m
step   204/ 1000 | loss 1.8898 | avg50 2.4848 |  11.67 steps/s | elapsed   0.29m | eta   1.14m
step   205/ 1000 | loss 2.6302 | avg50 2.4862 |  11.64 steps/s | elapsed   0.29m | eta   1.14m
step   206/ 1000 | loss 3.1559 | avg50 2.4922 |  11.67 steps/s | elapsed   0.29m | eta   1.13m
step   207/ 1000 | loss 2.8998 | avg50 2.4850 |  11.69 steps/s | elapsed   0.30m | eta   1.13m
step   208/ 1000 | loss 2.1443 | avg50 2.4878 |  11.66 steps/s | elapsed   0.30m | eta   1.13m
step   209/ 1000 | loss 2.2206 | avg50 2.4645 |  11.68 steps/s | elapsed   0.30m | eta   1.13m
step   210/ 1000 | loss 2.5670 | avg50 2.4736 |  11.69 steps/s | elapsed   0.30m | eta   1.13m
step   211/ 1000 | loss 2.0186 | avg50 2.4699 |  11.70 steps/s | elapsed   0.30m | eta   1.12m
step   212/ 1000 | loss 2.3012 | avg50 2.4634 |  11.69 steps/s | elapsed   0.30m | eta   1.12m
step   213/ 1000 | loss 3.8427 | avg50 2.4892 |  11.73 steps/s | elapsed   0.30m | eta   1.12m
step   214/ 1000 | loss 2.2129 | avg50 2.4848 |  11.72 steps/s | elapsed   0.30m | eta   1.12m
step   215/ 1000 | loss 2.4124 | avg50 2.4864 |  11.73 steps/s | elapsed   0.31m | eta   1.12m
step   216/ 1000 | loss 2.5136 | avg50 2.4828 |  11.74 steps/s | elapsed   0.31m | eta   1.11m
step   217/ 1000 | loss 2.3378 | avg50 2.4867 |  11.76 steps/s | elapsed   0.31m | eta   1.11m
step   218/ 1000 | loss 2.5365 | avg50 2.4869 |  11.76 steps/s | elapsed   0.31m | eta   1.11m
step   219/ 1000 | loss 2.3739 | avg50 2.4715 |  11.78 steps/s | elapsed   0.31m | eta   1.11m
step   220/ 1000 | loss 2.4205 | avg50 2.4693 |  11.78 steps/s | elapsed   0.31m | eta   1.10m
step   221/ 1000 | loss 3.0695 | avg50 2.4778 |  11.81 steps/s | elapsed   0.31m | eta   1.10m
step   222/ 1000 | loss 2.3135 | avg50 2.4762 |  11.81 steps/s | elapsed   0.31m | eta   1.10m
step   223/ 1000 | loss 2.1625 | avg50 2.4748 |  11.82 steps/s | elapsed   0.31m | eta   1.10m
step   224/ 1000 | loss 2.3273 | avg50 2.4613 |  11.84 steps/s | elapsed   0.32m | eta   1.09m
step   225/ 1000 | loss 2.2527 | avg50 2.4528 |  11.85 steps/s | elapsed   0.32m | eta   1.09m
step   226/ 1000 | loss 2.4193 | avg50 2.4494 |  11.85 steps/s | elapsed   0.32m | eta   1.09m
step   227/ 1000 | loss 2.4528 | avg50 2.4364 |  11.86 steps/s | elapsed   0.32m | eta   1.09m
step   228/ 1000 | loss 2.5524 | avg50 2.4397 |  11.86 steps/s | elapsed   0.32m | eta   1.09m
step   229/ 1000 | loss 3.0859 | avg50 2.4615 |  11.89 steps/s | elapsed   0.32m | eta   1.08m
step   230/ 1000 | loss 1.7900 | avg50 2.4502 |  11.89 steps/s | elapsed   0.32m | eta   1.08m
step   231/ 1000 | loss 3.1017 | avg50 2.4693 |  11.87 steps/s | elapsed   0.32m | eta   1.08m
step   232/ 1000 | loss 2.4001 | avg50 2.4762 |  11.88 steps/s | elapsed   0.33m | eta   1.08m
step   233/ 1000 | loss 2.3035 | avg50 2.4834 |  11.90 steps/s | elapsed   0.33m | eta   1.07m
step   234/ 1000 | loss 2.7662 | avg50 2.4720 |  11.90 steps/s | elapsed   0.33m | eta   1.07m
step   235/ 1000 | loss 2.0570 | avg50 2.4702 |  11.91 steps/s | elapsed   0.33m | eta   1.07m
step   236/ 1000 | loss 2.7383 | avg50 2.4751 |  11.93 steps/s | elapsed   0.33m | eta   1.07m
step   237/ 1000 | loss 2.2569 | avg50 2.4710 |  11.94 steps/s | elapsed   0.33m | eta   1.07m
step   238/ 1000 | loss 2.6960 | avg50 2.4768 |  11.95 steps/s | elapsed   0.33m | eta   1.06m
step   239/ 1000 | loss 2.4001 | avg50 2.4852 |  11.96 steps/s | elapsed   0.33m | eta   1.06m
step   240/ 1000 | loss 3.6365 | avg50 2.5052 |  11.97 steps/s | elapsed   0.33m | eta   1.06m
step   241/ 1000 | loss 2.8041 | avg50 2.5273 |  11.96 steps/s | elapsed   0.34m | eta   1.06m
step   242/ 1000 | loss 2.5392 | avg50 2.5300 |  11.97 steps/s | elapsed   0.34m | eta   1.06m
step   243/ 1000 | loss 2.3092 | avg50 2.5303 |  11.98 steps/s | elapsed   0.34m | eta   1.05m
step   244/ 1000 | loss 2.6435 | avg50 2.5254 |  11.98 steps/s | elapsed   0.34m | eta   1.05m
step   245/ 1000 | loss 2.2066 | avg50 2.5135 |  12.01 steps/s | elapsed   0.34m | eta   1.05m
step   246/ 1000 | loss 2.7219 | avg50 2.5194 |  12.01 steps/s | elapsed   0.34m | eta   1.05m
step   247/ 1000 | loss 2.4871 | avg50 2.5211 |  12.02 steps/s | elapsed   0.34m | eta   1.04m
step   248/ 1000 | loss 2.7047 | avg50 2.5138 |  12.04 steps/s | elapsed   0.34m | eta   1.04m
step   249/ 1000 | loss 2.0570 | avg50 2.5044 |  12.03 steps/s | elapsed   0.34m | eta   1.04m
step   250/ 1000 | loss 2.1581 | avg50 2.5013 |  12.02 steps/s | elapsed   0.35m | eta   1.04m
step   251/ 1000 | loss 1.9875 | avg50 2.4913 |  12.04 steps/s | elapsed   0.35m | eta   1.04m
step   252/ 1000 | loss 2.4351 | avg50 2.4887 |  12.02 steps/s | elapsed   0.35m | eta   1.04m
step   253/ 1000 | loss 2.7340 | avg50 2.5010 |  12.05 steps/s | elapsed   0.35m | eta   1.03m
step   254/ 1000 | loss 1.9832 | avg50 2.5028 |  12.04 steps/s | elapsed   0.35m | eta   1.03m
step   255/ 1000 | loss 2.4915 | avg50 2.5001 |  12.05 steps/s | elapsed   0.35m | eta   1.03m
step   256/ 1000 | loss 3.5044 | avg50 2.5070 |  12.08 steps/s | elapsed   0.35m | eta   1.03m
step   257/ 1000 | loss 2.3991 | avg50 2.4970 |  12.09 steps/s | elapsed   0.35m | eta   1.02m
step   258/ 1000 | loss 1.8618 | avg50 2.4914 |  12.09 steps/s | elapsed   0.36m | eta   1.02m
step   259/ 1000 | loss 1.9200 | avg50 2.4854 |  12.10 steps/s | elapsed   0.36m | eta   1.02m
step   260/ 1000 | loss 1.7671 | avg50 2.4694 |  12.11 steps/s | elapsed   0.36m | eta   1.02m
step   261/ 1000 | loss 2.6093 | avg50 2.4812 |  12.11 steps/s | elapsed   0.36m | eta   1.02m
step   262/ 1000 | loss 2.2438 | avg50 2.4800 |  12.12 steps/s | elapsed   0.36m | eta   1.01m
step   263/ 1000 | loss 2.9581 | avg50 2.4623 |  12.12 steps/s | elapsed   0.36m | eta   1.01m
step   264/ 1000 | loss 3.0106 | avg50 2.4783 |  12.14 steps/s | elapsed   0.36m | eta   1.01m
step   265/ 1000 | loss 1.8756 | avg50 2.4675 |  12.14 steps/s | elapsed   0.36m | eta   1.01m
step   266/ 1000 | loss 2.7724 | avg50 2.4727 |  12.15 steps/s | elapsed   0.36m | eta   1.01m
step   267/ 1000 | loss 1.9729 | avg50 2.4654 |  12.15 steps/s | elapsed   0.37m | eta   1.01m
step   268/ 1000 | loss 2.1480 | avg50 2.4577 |  12.16 steps/s | elapsed   0.37m | eta   1.00m
step   269/ 1000 | loss 2.1096 | avg50 2.4524 |  12.16 steps/s | elapsed   0.37m | eta   1.00m
step   270/ 1000 | loss 2.8207 | avg50 2.4604 |  12.16 steps/s | elapsed   0.37m | eta   1.00m
step   271/ 1000 | loss 2.2624 | avg50 2.4442 |  12.17 steps/s | elapsed   0.37m | eta   1.00m
step   272/ 1000 | loss 1.9211 | avg50 2.4364 |  12.17 steps/s | elapsed   0.37m | eta   1.00m
step   273/ 1000 | loss 2.6192 | avg50 2.4455 |  12.17 steps/s | elapsed   0.37m | eta   1.00m
step   274/ 1000 | loss 3.0047 | avg50 2.4591 |  12.18 steps/s | elapsed   0.38m | eta   0.99m
step   275/ 1000 | loss 2.0174 | avg50 2.4544 |  12.19 steps/s | elapsed   0.38m | eta   0.99m
step   276/ 1000 | loss 2.5915 | avg50 2.4578 |  12.18 steps/s | elapsed   0.38m | eta   0.99m
step   277/ 1000 | loss 3.1114 | avg50 2.4710 |  12.20 steps/s | elapsed   0.38m | eta   0.99m
step   278/ 1000 | loss 2.3490 | avg50 2.4669 |  12.21 steps/s | elapsed   0.38m | eta   0.99m
step   279/ 1000 | loss 2.3004 | avg50 2.4512 |  12.21 steps/s | elapsed   0.38m | eta   0.98m
step   280/ 1000 | loss 1.9486 | avg50 2.4544 |  12.22 steps/s | elapsed   0.38m | eta   0.98m
step   281/ 1000 | loss 3.1744 | avg50 2.4558 |  12.23 steps/s | elapsed   0.38m | eta   0.98m
step   282/ 1000 | loss 1.9351 | avg50 2.4465 |  12.24 steps/s | elapsed   0.38m | eta   0.98m
step   283/ 1000 | loss 2.4215 | avg50 2.4489 |  12.23 steps/s | elapsed   0.39m | eta   0.98m
step   284/ 1000 | loss 2.7351 | avg50 2.4483 |  12.21 steps/s | elapsed   0.39m | eta   0.98m
step   285/ 1000 | loss 3.3271 | avg50 2.4737 |  12.23 steps/s | elapsed   0.39m | eta   0.97m
step   286/ 1000 | loss 2.1280 | avg50 2.4615 |  12.23 steps/s | elapsed   0.39m | eta   0.97m
step   287/ 1000 | loss 2.3728 | avg50 2.4638 |  12.25 steps/s | elapsed   0.39m | eta   0.97m
step   288/ 1000 | loss 2.5311 | avg50 2.4605 |  12.25 steps/s | elapsed   0.39m | eta   0.97m
step   289/ 1000 | loss 2.4675 | avg50 2.4618 |  12.25 steps/s | elapsed   0.39m | eta   0.97m
step   290/ 1000 | loss 2.1163 | avg50 2.4314 |  12.27 steps/s | elapsed   0.39m | eta   0.96m
step   291/ 1000 | loss 3.0499 | avg50 2.4363 |  12.25 steps/s | elapsed   0.40m | eta   0.96m
step   292/ 1000 | loss 2.3976 | avg50 2.4335 |  12.25 steps/s | elapsed   0.40m | eta   0.96m
step   293/ 1000 | loss 1.9984 | avg50 2.4273 |  12.24 steps/s | elapsed   0.40m | eta   0.96m
step   294/ 1000 | loss 2.5432 | avg50 2.4253 |  12.26 steps/s | elapsed   0.40m | eta   0.96m
step   295/ 1000 | loss 2.7180 | avg50 2.4355 |  12.24 steps/s | elapsed   0.40m | eta   0.96m
step   296/ 1000 | loss 2.1555 | avg50 2.4242 |  12.26 steps/s | elapsed   0.40m | eta   0.96m
step   297/ 1000 | loss 2.3680 | avg50 2.4218 |  12.24 steps/s | elapsed   0.40m | eta   0.96m
step   298/ 1000 | loss 2.6502 | avg50 2.4207 |  12.26 steps/s | elapsed   0.41m | eta   0.95m
step   299/ 1000 | loss 2.1947 | avg50 2.4235 |  12.25 steps/s | elapsed   0.41m | eta   0.95m
step   300/ 1000 | loss 2.3178 | avg50 2.4267 |  12.26 steps/s | elapsed   0.41m | eta   0.95m
step   301/ 1000 | loss 2.6931 | avg50 2.4408 |  12.26 steps/s | elapsed   0.41m | eta   0.95m
step   302/ 1000 | loss 2.1736 | avg50 2.4355 |  12.24 steps/s | elapsed   0.41m | eta   0.95m
step   303/ 1000 | loss 2.6196 | avg50 2.4332 |  12.25 steps/s | elapsed   0.41m | eta   0.95m
step   304/ 1000 | loss 2.3674 | avg50 2.4409 |  12.24 steps/s | elapsed   0.41m | eta   0.95m
step   305/ 1000 | loss 2.8884 | avg50 2.4489 |  12.25 steps/s | elapsed   0.41m | eta   0.95m
step   306/ 1000 | loss 2.5560 | avg50 2.4299 |  12.26 steps/s | elapsed   0.42m | eta   0.94m
step   307/ 1000 | loss 1.9077 | avg50 2.4201 |  12.27 steps/s | elapsed   0.42m | eta   0.94m
step   308/ 1000 | loss 2.5663 | avg50 2.4342 |  12.28 steps/s | elapsed   0.42m | eta   0.94m
step   309/ 1000 | loss 2.0727 | avg50 2.4372 |  12.28 steps/s | elapsed   0.42m | eta   0.94m
step   310/ 1000 | loss 2.3818 | avg50 2.4495 |  12.29 steps/s | elapsed   0.42m | eta   0.94m
step   311/ 1000 | loss 3.0383 | avg50 2.4581 |  12.29 steps/s | elapsed   0.42m | eta   0.93m
step   312/ 1000 | loss 2.0074 | avg50 2.4534 |  12.29 steps/s | elapsed   0.42m | eta   0.93m
step   313/ 1000 | loss 1.7555 | avg50 2.4293 |  12.29 steps/s | elapsed   0.42m | eta   0.93m
step   314/ 1000 | loss 2.3456 | avg50 2.4160 |  12.30 steps/s | elapsed   0.43m | eta   0.93m
step   315/ 1000 | loss 2.6081 | avg50 2.4307 |  12.29 steps/s | elapsed   0.43m | eta   0.93m
step   316/ 1000 | loss 2.0439 | avg50 2.4161 |  12.29 steps/s | elapsed   0.43m | eta   0.93m
step   317/ 1000 | loss 2.0600 | avg50 2.4178 |  12.30 steps/s | elapsed   0.43m | eta   0.93m
step   318/ 1000 | loss 1.8657 | avg50 2.4122 |  12.29 steps/s | elapsed   0.43m | eta   0.92m
step   319/ 1000 | loss 1.9699 | avg50 2.4094 |  12.30 steps/s | elapsed   0.43m | eta   0.92m
step   320/ 1000 | loss 1.7969 | avg50 2.3889 |  12.30 steps/s | elapsed   0.43m | eta   0.92m
step   321/ 1000 | loss 2.5492 | avg50 2.3946 |  12.32 steps/s | elapsed   0.43m | eta   0.92m
step   322/ 1000 | loss 2.4804 | avg50 2.4058 |  12.31 steps/s | elapsed   0.44m | eta   0.92m
step   323/ 1000 | loss 2.7345 | avg50 2.4081 |  12.30 steps/s | elapsed   0.44m | eta   0.92m
step   324/ 1000 | loss 3.1487 | avg50 2.4110 |  12.30 steps/s | elapsed   0.44m | eta   0.92m
step   325/ 1000 | loss 2.4556 | avg50 2.4198 |  12.28 steps/s | elapsed   0.44m | eta   0.92m
step   326/ 1000 | loss 2.0597 | avg50 2.4091 |  12.29 steps/s | elapsed   0.44m | eta   0.91m
step   327/ 1000 | loss 2.3248 | avg50 2.3934 |  12.31 steps/s | elapsed   0.44m | eta   0.91m
step   328/ 1000 | loss 1.9027 | avg50 2.3845 |  12.29 steps/s | elapsed   0.44m | eta   0.91m
step   329/ 1000 | loss 2.1499 | avg50 2.3815 |  12.29 steps/s | elapsed   0.45m | eta   0.91m
step   330/ 1000 | loss 2.3627 | avg50 2.3898 |  12.29 steps/s | elapsed   0.45m | eta   0.91m
step   331/ 1000 | loss 2.1251 | avg50 2.3688 |  12.30 steps/s | elapsed   0.45m | eta   0.91m
step   332/ 1000 | loss 2.4151 | avg50 2.3784 |  12.29 steps/s | elapsed   0.45m | eta   0.91m
step   333/ 1000 | loss 1.9030 | avg50 2.3680 |  12.30 steps/s | elapsed   0.45m | eta   0.90m
step   334/ 1000 | loss 2.8525 | avg50 2.3704 |  12.30 steps/s | elapsed   0.45m | eta   0.90m
step   335/ 1000 | loss 3.9066 | avg50 2.3819 |  12.26 steps/s | elapsed   0.46m | eta   0.90m
step   336/ 1000 | loss 3.3516 | avg50 2.4064 |  12.27 steps/s | elapsed   0.46m | eta   0.90m
step   337/ 1000 | loss 2.6985 | avg50 2.4129 |  12.26 steps/s | elapsed   0.46m | eta   0.90m
step   338/ 1000 | loss 2.5921 | avg50 2.4142 |  12.26 steps/s | elapsed   0.46m | eta   0.90m
step   339/ 1000 | loss 2.2606 | avg50 2.4100 |  12.27 steps/s | elapsed   0.46m | eta   0.90m
step   340/ 1000 | loss 2.1589 | avg50 2.4109 |  12.27 steps/s | elapsed   0.46m | eta   0.90m
step   341/ 1000 | loss 3.0280 | avg50 2.4104 |  12.28 steps/s | elapsed   0.46m | eta   0.89m
step   342/ 1000 | loss 2.8235 | avg50 2.4189 |  12.29 steps/s | elapsed   0.46m | eta   0.89m
step   343/ 1000 | loss 1.8070 | avg50 2.4151 |  12.29 steps/s | elapsed   0.47m | eta   0.89m
step   344/ 1000 | loss 2.5350 | avg50 2.4150 |  12.30 steps/s | elapsed   0.47m | eta   0.89m
step   345/ 1000 | loss 2.4687 | avg50 2.4100 |  12.29 steps/s | elapsed   0.47m | eta   0.89m
step   346/ 1000 | loss 2.4156 | avg50 2.4152 |  12.29 steps/s | elapsed   0.47m | eta   0.89m
step   347/ 1000 | loss 2.9995 | avg50 2.4278 |  12.30 steps/s | elapsed   0.47m | eta   0.89m
step   348/ 1000 | loss 2.4981 | avg50 2.4248 |  12.26 steps/s | elapsed   0.47m | eta   0.89m
step   349/ 1000 | loss 2.6259 | avg50 2.4334 |  12.28 steps/s | elapsed   0.47m | eta   0.88m
step   350/ 1000 | loss 2.2592 | avg50 2.4322 |  12.28 steps/s | elapsed   0.48m | eta   0.88m
step   351/ 1000 | loss 3.1636 | avg50 2.4416 |  12.28 steps/s | elapsed   0.48m | eta   0.88m
step   352/ 1000 | loss 1.9862 | avg50 2.4379 |  12.29 steps/s | elapsed   0.48m | eta   0.88m
step   353/ 1000 | loss 2.3807 | avg50 2.4331 |  12.30 steps/s | elapsed   0.48m | eta   0.88m
step   354/ 1000 | loss 2.8480 | avg50 2.4427 |  12.31 steps/s | elapsed   0.48m | eta   0.87m
step   355/ 1000 | loss 2.5412 | avg50 2.4358 |  12.30 steps/s | elapsed   0.48m | eta   0.87m
step   356/ 1000 | loss 2.1290 | avg50 2.4272 |  12.30 steps/s | elapsed   0.48m | eta   0.87m
step   357/ 1000 | loss 2.7031 | avg50 2.4431 |  12.31 steps/s | elapsed   0.48m | eta   0.87m
step   358/ 1000 | loss 2.0749 | avg50 2.4333 |  12.31 steps/s | elapsed   0.48m | eta   0.87m
step   359/ 1000 | loss 1.9376 | avg50 2.4306 |  12.32 steps/s | elapsed   0.49m | eta   0.87m
step   360/ 1000 | loss 2.4932 | avg50 2.4328 |  12.32 steps/s | elapsed   0.49m | eta   0.87m
step   361/ 1000 | loss 2.5539 | avg50 2.4231 |  12.33 steps/s | elapsed   0.49m | eta   0.86m
step   362/ 1000 | loss 2.4702 | avg50 2.4324 |  12.33 steps/s | elapsed   0.49m | eta   0.86m
step   363/ 1000 | loss 1.8193 | avg50 2.4337 |  12.34 steps/s | elapsed   0.49m | eta   0.86m
step   364/ 1000 | loss 1.9877 | avg50 2.4265 |  12.34 steps/s | elapsed   0.49m | eta   0.86m
step   365/ 1000 | loss 2.6337 | avg50 2.4270 |  12.35 steps/s | elapsed   0.49m | eta   0.86m
step   366/ 1000 | loss 1.9184 | avg50 2.4245 |  12.34 steps/s | elapsed   0.49m | eta   0.86m
step   367/ 1000 | loss 3.0730 | avg50 2.4448 |  12.34 steps/s | elapsed   0.50m | eta   0.85m
step   368/ 1000 | loss 2.5106 | avg50 2.4577 |  12.35 steps/s | elapsed   0.50m | eta   0.85m
step   369/ 1000 | loss 2.8109 | avg50 2.4745 |  12.36 steps/s | elapsed   0.50m | eta   0.85m
step   370/ 1000 | loss 2.0459 | avg50 2.4795 |  12.35 steps/s | elapsed   0.50m | eta   0.85m
step   371/ 1000 | loss 2.9865 | avg50 2.4882 |  12.37 steps/s | elapsed   0.50m | eta   0.85m
step   372/ 1000 | loss 2.1616 | avg50 2.4819 |  12.38 steps/s | elapsed   0.50m | eta   0.85m
step   373/ 1000 | loss 2.7536 | avg50 2.4822 |  12.40 steps/s | elapsed   0.50m | eta   0.84m
step   374/ 1000 | loss 2.1206 | avg50 2.4617 |  12.40 steps/s | elapsed   0.50m | eta   0.84m
step   375/ 1000 | loss 1.9970 | avg50 2.4525 |  12.40 steps/s | elapsed   0.50m | eta   0.84m
step   376/ 1000 | loss 2.4778 | avg50 2.4609 |  12.41 steps/s | elapsed   0.51m | eta   0.84m
step   377/ 1000 | loss 2.3444 | avg50 2.4613 |  12.40 steps/s | elapsed   0.51m | eta   0.84m
step   378/ 1000 | loss 2.2609 | avg50 2.4684 |  12.41 steps/s | elapsed   0.51m | eta   0.84m
step   379/ 1000 | loss 2.4662 | avg50 2.4747 |  12.42 steps/s | elapsed   0.51m | eta   0.83m
step   380/ 1000 | loss 2.2087 | avg50 2.4717 |  12.42 steps/s | elapsed   0.51m | eta   0.83m
step   381/ 1000 | loss 2.4502 | avg50 2.4782 |  12.42 steps/s | elapsed   0.51m | eta   0.83m
step   382/ 1000 | loss 2.7536 | avg50 2.4849 |  12.43 steps/s | elapsed   0.51m | eta   0.83m
step   383/ 1000 | loss 2.3231 | avg50 2.4933 |  12.43 steps/s | elapsed   0.51m | eta   0.83m
step   384/ 1000 | loss 3.2495 | avg50 2.5013 |  12.45 steps/s | elapsed   0.51m | eta   0.82m
step   385/ 1000 | loss 2.9181 | avg50 2.4815 |  12.43 steps/s | elapsed   0.52m | eta   0.82m
step   386/ 1000 | loss 2.3336 | avg50 2.4611 |  12.44 steps/s | elapsed   0.52m | eta   0.82m
step   387/ 1000 | loss 3.6985 | avg50 2.4811 |  12.44 steps/s | elapsed   0.52m | eta   0.82m
step   388/ 1000 | loss 2.2499 | avg50 2.4743 |  12.43 steps/s | elapsed   0.52m | eta   0.82m
step   389/ 1000 | loss 2.3085 | avg50 2.4753 |  12.44 steps/s | elapsed   0.52m | eta   0.82m
step   390/ 1000 | loss 3.1236 | avg50 2.4946 |  12.41 steps/s | elapsed   0.52m | eta   0.82m
step   391/ 1000 | loss 2.4739 | avg50 2.4835 |  12.39 steps/s | elapsed   0.53m | eta   0.82m
step   392/ 1000 | loss 2.1051 | avg50 2.4691 |  12.40 steps/s | elapsed   0.53m | eta   0.82m
step   393/ 1000 | loss 2.1702 | avg50 2.4764 |  12.39 steps/s | elapsed   0.53m | eta   0.82m
step   394/ 1000 | loss 2.2743 | avg50 2.4712 |  12.40 steps/s | elapsed   0.53m | eta   0.81m
step   395/ 1000 | loss 2.6582 | avg50 2.4749 |  12.40 steps/s | elapsed   0.53m | eta   0.81m
step   396/ 1000 | loss 1.8241 | avg50 2.4631 |  12.40 steps/s | elapsed   0.53m | eta   0.81m
step   397/ 1000 | loss 2.0875 | avg50 2.4449 |  12.40 steps/s | elapsed   0.53m | eta   0.81m
step   398/ 1000 | loss 2.8767 | avg50 2.4524 |  12.42 steps/s | elapsed   0.53m | eta   0.81m
step   399/ 1000 | loss 2.7444 | avg50 2.4548 |  12.42 steps/s | elapsed   0.54m | eta   0.81m
step   400/ 1000 | loss 2.3428 | avg50 2.4565 |  12.43 steps/s | elapsed   0.54m | eta   0.80m
step   401/ 1000 | loss 2.6035 | avg50 2.4453 |  12.43 steps/s | elapsed   0.54m | eta   0.80m
step   402/ 1000 | loss 2.7292 | avg50 2.4601 |  12.44 steps/s | elapsed   0.54m | eta   0.80m
step   403/ 1000 | loss 1.9550 | avg50 2.4516 |  12.44 steps/s | elapsed   0.54m | eta   0.80m
step   404/ 1000 | loss 2.2429 | avg50 2.4395 |  12.45 steps/s | elapsed   0.54m | eta   0.80m
step   405/ 1000 | loss 2.7119 | avg50 2.4429 |  12.45 steps/s | elapsed   0.54m | eta   0.80m
step   406/ 1000 | loss 2.5498 | avg50 2.4514 |  12.46 steps/s | elapsed   0.54m | eta   0.79m
step   407/ 1000 | loss 2.2875 | avg50 2.4430 |  12.46 steps/s | elapsed   0.54m | eta   0.79m
step   408/ 1000 | loss 2.6208 | avg50 2.4540 |  12.47 steps/s | elapsed   0.55m | eta   0.79m
step   409/ 1000 | loss 2.8385 | avg50 2.4720 |  12.48 steps/s | elapsed   0.55m | eta   0.79m
step   410/ 1000 | loss 2.9415 | avg50 2.4810 |  12.47 steps/s | elapsed   0.55m | eta   0.79m
step   411/ 1000 | loss 2.2064 | avg50 2.4740 |  12.47 steps/s | elapsed   0.55m | eta   0.79m
step   412/ 1000 | loss 2.1636 | avg50 2.4679 |  12.48 steps/s | elapsed   0.55m | eta   0.79m
step   413/ 1000 | loss 2.2308 | avg50 2.4761 |  12.49 steps/s | elapsed   0.55m | eta   0.78m
step   414/ 1000 | loss 2.8363 | avg50 2.4931 |  12.48 steps/s | elapsed   0.55m | eta   0.78m
step   415/ 1000 | loss 2.0398 | avg50 2.4812 |  12.48 steps/s | elapsed   0.55m | eta   0.78m
step   416/ 1000 | loss 2.4377 | avg50 2.4916 |  12.48 steps/s | elapsed   0.56m | eta   0.78m
step   417/ 1000 | loss 2.9288 | avg50 2.4887 |  12.49 steps/s | elapsed   0.56m | eta   0.78m
step   418/ 1000 | loss 1.9164 | avg50 2.4768 |  12.49 steps/s | elapsed   0.56m | eta   0.78m
step   419/ 1000 | loss 2.4943 | avg50 2.4705 |  12.50 steps/s | elapsed   0.56m | eta   0.77m
step   420/ 1000 | loss 2.7135 | avg50 2.4838 |  12.51 steps/s | elapsed   0.56m | eta   0.77m
step   421/ 1000 | loss 2.5427 | avg50 2.4749 |  12.50 steps/s | elapsed   0.56m | eta   0.77m
step   422/ 1000 | loss 2.4804 | avg50 2.4813 |  12.50 steps/s | elapsed   0.56m | eta   0.77m
step   423/ 1000 | loss 1.9508 | avg50 2.4653 |  12.50 steps/s | elapsed   0.56m | eta   0.77m
step   424/ 1000 | loss 2.5618 | avg50 2.4741 |  12.52 steps/s | elapsed   0.56m | eta   0.77m
step   425/ 1000 | loss 2.6098 | avg50 2.4863 |  12.50 steps/s | elapsed   0.57m | eta   0.77m
step   426/ 1000 | loss 2.8338 | avg50 2.4935 |  12.49 steps/s | elapsed   0.57m | eta   0.77m
step   427/ 1000 | loss 2.4871 | avg50 2.4963 |  12.50 steps/s | elapsed   0.57m | eta   0.76m
step   428/ 1000 | loss 2.3602 | avg50 2.4983 |  12.49 steps/s | elapsed   0.57m | eta   0.76m
step   429/ 1000 | loss 2.0358 | avg50 2.4897 |  12.50 steps/s | elapsed   0.57m | eta   0.76m
step   430/ 1000 | loss 2.3998 | avg50 2.4935 |  12.50 steps/s | elapsed   0.57m | eta   0.76m
step   431/ 1000 | loss 2.1980 | avg50 2.4885 |  12.51 steps/s | elapsed   0.57m | eta   0.76m
step   432/ 1000 | loss 2.0428 | avg50 2.4743 |  12.52 steps/s | elapsed   0.57m | eta   0.76m
step   433/ 1000 | loss 2.3457 | avg50 2.4747 |  12.50 steps/s | elapsed   0.58m | eta   0.76m
step   434/ 1000 | loss 2.3509 | avg50 2.4567 |  12.51 steps/s | elapsed   0.58m | eta   0.75m
step   435/ 1000 | loss 2.4827 | avg50 2.4480 |  12.51 steps/s | elapsed   0.58m | eta   0.75m
step   436/ 1000 | loss 3.3131 | avg50 2.4676 |  12.52 steps/s | elapsed   0.58m | eta   0.75m
step   437/ 1000 | loss 2.7833 | avg50 2.4493 |  12.54 steps/s | elapsed   0.58m | eta   0.75m
step   438/ 1000 | loss 1.8821 | avg50 2.4420 |  12.53 steps/s | elapsed   0.58m | eta   0.75m
step   439/ 1000 | loss 1.9444 | avg50 2.4347 |  12.53 steps/s | elapsed   0.58m | eta   0.75m
step   440/ 1000 | loss 2.1377 | avg50 2.4150 |  12.53 steps/s | elapsed   0.59m | eta   0.74m
step   441/ 1000 | loss 2.6178 | avg50 2.4178 |  12.53 steps/s | elapsed   0.59m | eta   0.74m
step   442/ 1000 | loss 3.1046 | avg50 2.4378 |  12.55 steps/s | elapsed   0.59m | eta   0.74m
step   443/ 1000 | loss 3.2299 | avg50 2.4590 |  12.56 steps/s | elapsed   0.59m | eta   0.74m
step   444/ 1000 | loss 2.3159 | avg50 2.4599 |  12.56 steps/s | elapsed   0.59m | eta   0.74m
step   445/ 1000 | loss 2.3500 | avg50 2.4537 |  12.57 steps/s | elapsed   0.59m | eta   0.74m
step   446/ 1000 | loss 2.0550 | avg50 2.4583 |  12.57 steps/s | elapsed   0.59m | eta   0.73m
step   447/ 1000 | loss 2.0598 | avg50 2.4578 |  12.57 steps/s | elapsed   0.59m | eta   0.73m
step   448/ 1000 | loss 3.0721 | avg50 2.4617 |  12.57 steps/s | elapsed   0.59m | eta   0.73m
step   449/ 1000 | loss 2.1660 | avg50 2.4501 |  12.58 steps/s | elapsed   0.59m | eta   0.73m
step   450/ 1000 | loss 3.0903 | avg50 2.4650 |  12.60 steps/s | elapsed   0.60m | eta   0.73m
step   451/ 1000 | loss 2.8054 | avg50 2.4691 |  12.58 steps/s | elapsed   0.60m | eta   0.73m
step   452/ 1000 | loss 2.8289 | avg50 2.4711 |  12.56 steps/s | elapsed   0.60m | eta   0.73m
step   453/ 1000 | loss 2.5301 | avg50 2.4826 |  12.57 steps/s | elapsed   0.60m | eta   0.73m
step   454/ 1000 | loss 1.9576 | avg50 2.4769 |  12.56 steps/s | elapsed   0.60m | eta   0.72m
step   455/ 1000 | loss 2.2373 | avg50 2.4674 |  12.56 steps/s | elapsed   0.60m | eta   0.72m
step   456/ 1000 | loss 2.7489 | avg50 2.4714 |  12.56 steps/s | elapsed   0.61m | eta   0.72m
step   457/ 1000 | loss 2.5852 | avg50 2.4773 |  12.57 steps/s | elapsed   0.61m | eta   0.72m
step   458/ 1000 | loss 2.7530 | avg50 2.4800 |  12.56 steps/s | elapsed   0.61m | eta   0.72m
step   459/ 1000 | loss 1.7114 | avg50 2.4574 |  12.57 steps/s | elapsed   0.61m | eta   0.72m
step   460/ 1000 | loss 2.3958 | avg50 2.4465 |  12.57 steps/s | elapsed   0.61m | eta   0.72m
step   461/ 1000 | loss 1.8254 | avg50 2.4389 |  12.57 steps/s | elapsed   0.61m | eta   0.71m
step   462/ 1000 | loss 2.7834 | avg50 2.4513 |  12.58 steps/s | elapsed   0.61m | eta   0.71m
step   463/ 1000 | loss 2.0794 | avg50 2.4483 |  12.58 steps/s | elapsed   0.61m | eta   0.71m
step   464/ 1000 | loss 2.2029 | avg50 2.4356 |  12.59 steps/s | elapsed   0.61m | eta   0.71m
step   465/ 1000 | loss 2.7421 | avg50 2.4496 |  12.59 steps/s | elapsed   0.62m | eta   0.71m
step   466/ 1000 | loss 2.2871 | avg50 2.4466 |  12.60 steps/s | elapsed   0.62m | eta   0.71m
step   467/ 1000 | loss 2.2345 | avg50 2.4327 |  12.60 steps/s | elapsed   0.62m | eta   0.70m
step   468/ 1000 | loss 2.2340 | avg50 2.4391 |  12.60 steps/s | elapsed   0.62m | eta   0.70m
step   469/ 1000 | loss 2.3651 | avg50 2.4365 |  12.60 steps/s | elapsed   0.62m | eta   0.70m
step   470/ 1000 | loss 3.8820 | avg50 2.4599 |  12.61 steps/s | elapsed   0.62m | eta   0.70m
step   471/ 1000 | loss 2.5910 | avg50 2.4608 |  12.61 steps/s | elapsed   0.62m | eta   0.70m
step   472/ 1000 | loss 2.7750 | avg50 2.4667 |  12.62 steps/s | elapsed   0.62m | eta   0.70m
step   473/ 1000 | loss 2.6283 | avg50 2.4803 |  12.62 steps/s | elapsed   0.62m | eta   0.70m
step   474/ 1000 | loss 2.3571 | avg50 2.4762 |  12.62 steps/s | elapsed   0.63m | eta   0.69m
step   475/ 1000 | loss 2.4745 | avg50 2.4735 |  12.63 steps/s | elapsed   0.63m | eta   0.69m
step   476/ 1000 | loss 2.1805 | avg50 2.4604 |  12.62 steps/s | elapsed   0.63m | eta   0.69m
step   477/ 1000 | loss 2.9413 | avg50 2.4695 |  12.60 steps/s | elapsed   0.63m | eta   0.69m
step   478/ 1000 | loss 2.2745 | avg50 2.4678 |  12.61 steps/s | elapsed   0.63m | eta   0.69m
step   479/ 1000 | loss 2.0886 | avg50 2.4688 |  12.60 steps/s | elapsed   0.63m | eta   0.69m
step   480/ 1000 | loss 2.0120 | avg50 2.4611 |  12.60 steps/s | elapsed   0.64m | eta   0.69m
step   481/ 1000 | loss 2.9853 | avg50 2.4768 |  12.57 steps/s | elapsed   0.64m | eta   0.69m
step   482/ 1000 | loss 2.7189 | avg50 2.4904 |  12.55 steps/s | elapsed   0.64m | eta   0.69m
step   483/ 1000 | loss 2.3466 | avg50 2.4904 |  12.55 steps/s | elapsed   0.64m | eta   0.69m
step   484/ 1000 | loss 2.8693 | avg50 2.5007 |  12.56 steps/s | elapsed   0.64m | eta   0.68m
step   485/ 1000 | loss 2.4805 | avg50 2.5007 |  12.54 steps/s | elapsed   0.64m | eta   0.68m
step   486/ 1000 | loss 2.1715 | avg50 2.4779 |  12.54 steps/s | elapsed   0.65m | eta   0.68m
step   487/ 1000 | loss 2.7516 | avg50 2.4772 |  12.54 steps/s | elapsed   0.65m | eta   0.68m
step   488/ 1000 | loss 2.6655 | avg50 2.4929 |  12.55 steps/s | elapsed   0.65m | eta   0.68m
step   489/ 1000 | loss 2.3425 | avg50 2.5009 |  12.54 steps/s | elapsed   0.65m | eta   0.68m
step   490/ 1000 | loss 2.2978 | avg50 2.5041 |  12.53 steps/s | elapsed   0.65m | eta   0.68m
step   491/ 1000 | loss 2.2573 | avg50 2.4969 |  12.54 steps/s | elapsed   0.65m | eta   0.68m
step   492/ 1000 | loss 2.3424 | avg50 2.4816 |  12.53 steps/s | elapsed   0.65m | eta   0.68m
step   493/ 1000 | loss 2.4360 | avg50 2.4657 |  12.52 steps/s | elapsed   0.66m | eta   0.67m
step   494/ 1000 | loss 2.1313 | avg50 2.4620 |  12.53 steps/s | elapsed   0.66m | eta   0.67m
step   495/ 1000 | loss 2.4870 | avg50 2.4648 |  12.53 steps/s | elapsed   0.66m | eta   0.67m
step   496/ 1000 | loss 2.5856 | avg50 2.4754 |  12.53 steps/s | elapsed   0.66m | eta   0.67m
step   497/ 1000 | loss 2.9952 | avg50 2.4941 |  12.54 steps/s | elapsed   0.66m | eta   0.67m
step   498/ 1000 | loss 2.4689 | avg50 2.4820 |  12.54 steps/s | elapsed   0.66m | eta   0.67m
step   499/ 1000 | loss 2.2353 | avg50 2.4834 |  12.55 steps/s | elapsed   0.66m | eta   0.67m
step   500/ 1000 | loss 2.0645 | avg50 2.4629 |  12.54 steps/s | elapsed   0.66m | eta   0.66m
step   501/ 1000 | loss 2.4261 | avg50 2.4553 |  12.54 steps/s | elapsed   0.67m | eta   0.66m
step   502/ 1000 | loss 2.1254 | avg50 2.4413 |  12.54 steps/s | elapsed   0.67m | eta   0.66m
step   503/ 1000 | loss 2.7352 | avg50 2.4454 |  12.54 steps/s | elapsed   0.67m | eta   0.66m
step   504/ 1000 | loss 2.0662 | avg50 2.4475 |  12.54 steps/s | elapsed   0.67m | eta   0.66m
step   505/ 1000 | loss 2.3327 | avg50 2.4494 |  12.54 steps/s | elapsed   0.67m | eta   0.66m
step   506/ 1000 | loss 2.4337 | avg50 2.4431 |  12.54 steps/s | elapsed   0.67m | eta   0.66m
step   507/ 1000 | loss 2.4315 | avg50 2.4401 |  12.54 steps/s | elapsed   0.67m | eta   0.66m
step   508/ 1000 | loss 2.6284 | avg50 2.4376 |  12.54 steps/s | elapsed   0.68m | eta   0.65m
step   509/ 1000 | loss 2.8761 | avg50 2.4609 |  12.54 steps/s | elapsed   0.68m | eta   0.65m
step   510/ 1000 | loss 2.7854 | avg50 2.4687 |  12.56 steps/s | elapsed   0.68m | eta   0.65m
step   511/ 1000 | loss 2.2922 | avg50 2.4780 |  12.55 steps/s | elapsed   0.68m | eta   0.65m
step   512/ 1000 | loss 2.2573 | avg50 2.4675 |  12.55 steps/s | elapsed   0.68m | eta   0.65m
step   513/ 1000 | loss 2.4115 | avg50 2.4741 |  12.54 steps/s | elapsed   0.68m | eta   0.65m
step   514/ 1000 | loss 2.8810 | avg50 2.4877 |  12.53 steps/s | elapsed   0.68m | eta   0.65m
step   515/ 1000 | loss 2.6771 | avg50 2.4864 |  12.53 steps/s | elapsed   0.68m | eta   0.64m
step   516/ 1000 | loss 3.0052 | avg50 2.5007 |  12.53 steps/s | elapsed   0.69m | eta   0.64m
step   517/ 1000 | loss 2.1366 | avg50 2.4988 |  12.54 steps/s | elapsed   0.69m | eta   0.64m
step   518/ 1000 | loss 2.2575 | avg50 2.4992 |  12.53 steps/s | elapsed   0.69m | eta   0.64m
step   519/ 1000 | loss 2.0644 | avg50 2.4932 |  12.54 steps/s | elapsed   0.69m | eta   0.64m
step   520/ 1000 | loss 2.7970 | avg50 2.4715 |  12.54 steps/s | elapsed   0.69m | eta   0.64m
step   521/ 1000 | loss 1.6685 | avg50 2.4531 |  12.54 steps/s | elapsed   0.69m | eta   0.64m
step   522/ 1000 | loss 1.8816 | avg50 2.4352 |  12.54 steps/s | elapsed   0.69m | eta   0.64m
step   523/ 1000 | loss 2.1512 | avg50 2.4257 |  12.55 steps/s | elapsed   0.69m | eta   0.63m
step   524/ 1000 | loss 2.4364 | avg50 2.4273 |  12.55 steps/s | elapsed   0.70m | eta   0.63m
step   525/ 1000 | loss 2.3002 | avg50 2.4238 |  12.55 steps/s | elapsed   0.70m | eta   0.63m
step   526/ 1000 | loss 2.6904 | avg50 2.4340 |  12.56 steps/s | elapsed   0.70m | eta   0.63m
step   527/ 1000 | loss 1.7979 | avg50 2.4111 |  12.56 steps/s | elapsed   0.70m | eta   0.63m
step   528/ 1000 | loss 2.5294 | avg50 2.4162 |  12.57 steps/s | elapsed   0.70m | eta   0.63m
step   529/ 1000 | loss 2.3032 | avg50 2.4205 |  12.56 steps/s | elapsed   0.70m | eta   0.62m
step   530/ 1000 | loss 1.6063 | avg50 2.4124 |  12.57 steps/s | elapsed   0.70m | eta   0.62m
step   531/ 1000 | loss 2.5921 | avg50 2.4045 |  12.56 steps/s | elapsed   0.70m | eta   0.62m
step   532/ 1000 | loss 2.3464 | avg50 2.3971 |  12.56 steps/s | elapsed   0.71m | eta   0.62m
step   533/ 1000 | loss 3.5815 | avg50 2.4218 |  12.57 steps/s | elapsed   0.71m | eta   0.62m
step   534/ 1000 | loss 2.2109 | avg50 2.4086 |  12.58 steps/s | elapsed   0.71m | eta   0.62m
step   535/ 1000 | loss 3.1679 | avg50 2.4223 |  12.58 steps/s | elapsed   0.71m | eta   0.62m
step   536/ 1000 | loss 1.8492 | avg50 2.4159 |  12.59 steps/s | elapsed   0.71m | eta   0.61m
step   537/ 1000 | loss 1.5782 | avg50 2.3924 |  12.59 steps/s | elapsed   0.71m | eta   0.61m
step   538/ 1000 | loss 2.4474 | avg50 2.3881 |  12.59 steps/s | elapsed   0.71m | eta   0.61m
step   539/ 1000 | loss 1.8286 | avg50 2.3778 |  12.59 steps/s | elapsed   0.71m | eta   0.61m
step   540/ 1000 | loss 2.7201 | avg50 2.3862 |  12.59 steps/s | elapsed   0.71m | eta   0.61m
step   541/ 1000 | loss 2.7791 | avg50 2.3967 |  12.59 steps/s | elapsed   0.72m | eta   0.61m
step   542/ 1000 | loss 1.9045 | avg50 2.3879 |  12.60 steps/s | elapsed   0.72m | eta   0.61m
step   543/ 1000 | loss 3.2878 | avg50 2.4049 |  12.58 steps/s | elapsed   0.72m | eta   0.61m
step   544/ 1000 | loss 2.3980 | avg50 2.4103 |  12.59 steps/s | elapsed   0.72m | eta   0.60m
step   545/ 1000 | loss 2.8266 | avg50 2.4171 |  12.58 steps/s | elapsed   0.72m | eta   0.60m
step   546/ 1000 | loss 2.4227 | avg50 2.4138 |  12.58 steps/s | elapsed   0.72m | eta   0.60m
step   547/ 1000 | loss 2.1204 | avg50 2.3963 |  12.59 steps/s | elapsed   0.72m | eta   0.60m
step   548/ 1000 | loss 2.8575 | avg50 2.4041 |  12.59 steps/s | elapsed   0.73m | eta   0.60m
step   549/ 1000 | loss 2.0631 | avg50 2.4006 |  12.59 steps/s | elapsed   0.73m | eta   0.60m
step   550/ 1000 | loss 1.9310 | avg50 2.3980 |  12.59 steps/s | elapsed   0.73m | eta   0.60m
step   551/ 1000 | loss 2.6828 | avg50 2.4031 |  12.59 steps/s | elapsed   0.73m | eta   0.59m
step   552/ 1000 | loss 2.4919 | avg50 2.4104 |  12.60 steps/s | elapsed   0.73m | eta   0.59m
step   553/ 1000 | loss 2.5412 | avg50 2.4066 |  12.59 steps/s | elapsed   0.73m | eta   0.59m
step   554/ 1000 | loss 2.7195 | avg50 2.4196 |  12.60 steps/s | elapsed   0.73m | eta   0.59m
step   555/ 1000 | loss 2.9065 | avg50 2.4311 |  12.59 steps/s | elapsed   0.73m | eta   0.59m
step   556/ 1000 | loss 2.3740 | avg50 2.4299 |  12.59 steps/s | elapsed   0.74m | eta   0.59m
step   557/ 1000 | loss 2.5296 | avg50 2.4319 |  12.60 steps/s | elapsed   0.74m | eta   0.59m
step   558/ 1000 | loss 1.9853 | avg50 2.4190 |  12.61 steps/s | elapsed   0.74m | eta   0.58m
step   559/ 1000 | loss 2.5890 | avg50 2.4133 |  12.59 steps/s | elapsed   0.74m | eta   0.58m
step   560/ 1000 | loss 3.1969 | avg50 2.4215 |  12.60 steps/s | elapsed   0.74m | eta   0.58m
step   561/ 1000 | loss 1.8082 | avg50 2.4118 |  12.60 steps/s | elapsed   0.74m | eta   0.58m
step   562/ 1000 | loss 2.9966 | avg50 2.4266 |  12.61 steps/s | elapsed   0.74m | eta   0.58m
step   563/ 1000 | loss 2.3597 | avg50 2.4256 |  12.61 steps/s | elapsed   0.74m | eta   0.58m
step   564/ 1000 | loss 2.0989 | avg50 2.4099 |  12.60 steps/s | elapsed   0.75m | eta   0.58m
step   565/ 1000 | loss 3.0321 | avg50 2.4170 |  12.60 steps/s | elapsed   0.75m | eta   0.58m
step   566/ 1000 | loss 1.7108 | avg50 2.3911 |  12.61 steps/s | elapsed   0.75m | eta   0.57m
step   567/ 1000 | loss 2.5155 | avg50 2.3987 |  12.60 steps/s | elapsed   0.75m | eta   0.57m
step   568/ 1000 | loss 2.7469 | avg50 2.4085 |  12.60 steps/s | elapsed   0.75m | eta   0.57m
step   569/ 1000 | loss 2.5179 | avg50 2.4176 |  12.61 steps/s | elapsed   0.75m | eta   0.57m
step   570/ 1000 | loss 2.8211 | avg50 2.4181 |  12.61 steps/s | elapsed   0.75m | eta   0.57m
step   571/ 1000 | loss 1.9473 | avg50 2.4236 |  12.60 steps/s | elapsed   0.76m | eta   0.57m
step   572/ 1000 | loss 3.1226 | avg50 2.4484 |  12.60 steps/s | elapsed   0.76m | eta   0.57m
step   573/ 1000 | loss 3.0085 | avg50 2.4656 |  12.61 steps/s | elapsed   0.76m | eta   0.56m
step   574/ 1000 | loss 2.4998 | avg50 2.4669 |  12.60 steps/s | elapsed   0.76m | eta   0.56m
step   575/ 1000 | loss 2.2788 | avg50 2.4664 |  12.61 steps/s | elapsed   0.76m | eta   0.56m
step   576/ 1000 | loss 2.0708 | avg50 2.4540 |  12.61 steps/s | elapsed   0.76m | eta   0.56m
step   577/ 1000 | loss 1.9976 | avg50 2.4580 |  12.61 steps/s | elapsed   0.76m | eta   0.56m
step   578/ 1000 | loss 2.6646 | avg50 2.4607 |  12.60 steps/s | elapsed   0.76m | eta   0.56m
step   579/ 1000 | loss 2.0727 | avg50 2.4561 |  12.60 steps/s | elapsed   0.77m | eta   0.56m
step   580/ 1000 | loss 2.4337 | avg50 2.4727 |  12.61 steps/s | elapsed   0.77m | eta   0.56m
step   581/ 1000 | loss 2.3260 | avg50 2.4674 |  12.61 steps/s | elapsed   0.77m | eta   0.55m
step   582/ 1000 | loss 2.4394 | avg50 2.4692 |  12.61 steps/s | elapsed   0.77m | eta   0.55m
step   583/ 1000 | loss 2.7697 | avg50 2.4530 |  12.60 steps/s | elapsed   0.77m | eta   0.55m
step   584/ 1000 | loss 2.9226 | avg50 2.4672 |  12.61 steps/s | elapsed   0.77m | eta   0.55m
step   585/ 1000 | loss 2.2863 | avg50 2.4496 |  12.60 steps/s | elapsed   0.77m | eta   0.55m
step   586/ 1000 | loss 2.4610 | avg50 2.4618 |  12.60 steps/s | elapsed   0.78m | eta   0.55m
step   587/ 1000 | loss 2.1763 | avg50 2.4738 |  12.60 steps/s | elapsed   0.78m | eta   0.55m
step   588/ 1000 | loss 2.0816 | avg50 2.4665 |  12.60 steps/s | elapsed   0.78m | eta   0.55m
step   589/ 1000 | loss 1.8776 | avg50 2.4674 |  12.60 steps/s | elapsed   0.78m | eta   0.54m
step   590/ 1000 | loss 2.4569 | avg50 2.4622 |  12.59 steps/s | elapsed   0.78m | eta   0.54m
step   591/ 1000 | loss 2.4763 | avg50 2.4561 |  12.59 steps/s | elapsed   0.78m | eta   0.54m
step   592/ 1000 | loss 2.1966 | avg50 2.4620 |  12.57 steps/s | elapsed   0.78m | eta   0.54m
step   593/ 1000 | loss 2.3452 | avg50 2.4431 |  12.56 steps/s | elapsed   0.79m | eta   0.54m
step   594/ 1000 | loss 2.8074 | avg50 2.4513 |  12.54 steps/s | elapsed   0.79m | eta   0.54m
step   595/ 1000 | loss 2.4341 | avg50 2.4434 |  12.55 steps/s | elapsed   0.79m | eta   0.54m
step   596/ 1000 | loss 2.1553 | avg50 2.4381 |  12.54 steps/s | elapsed   0.79m | eta   0.54m
step   597/ 1000 | loss 2.6157 | avg50 2.4480 |  12.55 steps/s | elapsed   0.79m | eta   0.54m
step   598/ 1000 | loss 2.1024 | avg50 2.4329 |  12.54 steps/s | elapsed   0.79m | eta   0.53m
step   599/ 1000 | loss 2.3983 | avg50 2.4396 |  12.54 steps/s | elapsed   0.80m | eta   0.53m
step   600/ 1000 | loss 2.4851 | avg50 2.4507 |  12.54 steps/s | elapsed   0.80m | eta   0.53m
step   601/ 1000 | loss 2.1083 | avg50 2.4392 |  12.54 steps/s | elapsed   0.80m | eta   0.53m
step   602/ 1000 | loss 2.4919 | avg50 2.4392 |  12.53 steps/s | elapsed   0.80m | eta   0.53m
step   603/ 1000 | loss 2.7452 | avg50 2.4433 |  12.54 steps/s | elapsed   0.80m | eta   0.53m
step   604/ 1000 | loss 2.0589 | avg50 2.4301 |  12.53 steps/s | elapsed   0.80m | eta   0.53m
step   605/ 1000 | loss 2.7860 | avg50 2.4277 |  12.53 steps/s | elapsed   0.80m | eta   0.53m
step   606/ 1000 | loss 1.7675 | avg50 2.4155 |  12.53 steps/s | elapsed   0.81m | eta   0.52m
step   607/ 1000 | loss 2.7445 | avg50 2.4198 |  12.54 steps/s | elapsed   0.81m | eta   0.52m
step   608/ 1000 | loss 2.2072 | avg50 2.4243 |  12.53 steps/s | elapsed   0.81m | eta   0.52m
step   609/ 1000 | loss 2.3056 | avg50 2.4186 |  12.54 steps/s | elapsed   0.81m | eta   0.52m
step   610/ 1000 | loss 2.4470 | avg50 2.4036 |  12.54 steps/s | elapsed   0.81m | eta   0.52m
step   611/ 1000 | loss 2.6861 | avg50 2.4212 |  12.54 steps/s | elapsed   0.81m | eta   0.52m
step   612/ 1000 | loss 2.5383 | avg50 2.4120 |  12.55 steps/s | elapsed   0.81m | eta   0.52m
step   613/ 1000 | loss 1.9791 | avg50 2.4044 |  12.55 steps/s | elapsed   0.81m | eta   0.51m
step   614/ 1000 | loss 2.1122 | avg50 2.4046 |  12.55 steps/s | elapsed   0.82m | eta   0.51m
step   615/ 1000 | loss 2.4416 | avg50 2.3928 |  12.55 steps/s | elapsed   0.82m | eta   0.51m
step   616/ 1000 | loss 2.9865 | avg50 2.4183 |  12.55 steps/s | elapsed   0.82m | eta   0.51m
step   617/ 1000 | loss 2.7236 | avg50 2.4225 |  12.56 steps/s | elapsed   0.82m | eta   0.51m
step   618/ 1000 | loss 2.3293 | avg50 2.4142 |  12.56 steps/s | elapsed   0.82m | eta   0.51m
step   619/ 1000 | loss 2.4571 | avg50 2.4129 |  12.55 steps/s | elapsed   0.82m | eta   0.51m
step   620/ 1000 | loss 2.6560 | avg50 2.4096 |  12.55 steps/s | elapsed   0.82m | eta   0.50m
step   621/ 1000 | loss 1.8379 | avg50 2.4074 |  12.55 steps/s | elapsed   0.82m | eta   0.50m
step   622/ 1000 | loss 2.2556 | avg50 2.3901 |  12.54 steps/s | elapsed   0.83m | eta   0.50m
step   623/ 1000 | loss 2.0642 | avg50 2.3712 |  12.55 steps/s | elapsed   0.83m | eta   0.50m
step   624/ 1000 | loss 2.4819 | avg50 2.3709 |  12.55 steps/s | elapsed   0.83m | eta   0.50m
step   625/ 1000 | loss 1.7747 | avg50 2.3608 |  12.55 steps/s | elapsed   0.83m | eta   0.50m
step   626/ 1000 | loss 2.5039 | avg50 2.3694 |  12.55 steps/s | elapsed   0.83m | eta   0.50m
step   627/ 1000 | loss 2.0995 | avg50 2.3715 |  12.55 steps/s | elapsed   0.83m | eta   0.50m
step   628/ 1000 | loss 2.2031 | avg50 2.3623 |  12.55 steps/s | elapsed   0.83m | eta   0.49m
step   629/ 1000 | loss 2.6526 | avg50 2.3739 |  12.56 steps/s | elapsed   0.83m | eta   0.49m
step   630/ 1000 | loss 2.6197 | avg50 2.3776 |  12.55 steps/s | elapsed   0.84m | eta   0.49m
step   631/ 1000 | loss 3.0481 | avg50 2.3920 |  12.54 steps/s | elapsed   0.84m | eta   0.49m
step   632/ 1000 | loss 1.7443 | avg50 2.3781 |  12.55 steps/s | elapsed   0.84m | eta   0.49m
step   633/ 1000 | loss 2.6695 | avg50 2.3761 |  12.54 steps/s | elapsed   0.84m | eta   0.49m
step   634/ 1000 | loss 2.5338 | avg50 2.3683 |  12.53 steps/s | elapsed   0.84m | eta   0.49m
step   635/ 1000 | loss 3.2450 | avg50 2.3875 |  12.54 steps/s | elapsed   0.84m | eta   0.49m
step   636/ 1000 | loss 2.8575 | avg50 2.3954 |  12.55 steps/s | elapsed   0.84m | eta   0.48m
step   637/ 1000 | loss 2.5257 | avg50 2.4024 |  12.53 steps/s | elapsed   0.85m | eta   0.48m
step   638/ 1000 | loss 2.2855 | avg50 2.4065 |  12.53 steps/s | elapsed   0.85m | eta   0.48m
step   639/ 1000 | loss 2.6202 | avg50 2.4214 |  12.53 steps/s | elapsed   0.85m | eta   0.48m
step   640/ 1000 | loss 1.9703 | avg50 2.4116 |  12.54 steps/s | elapsed   0.85m | eta   0.48m
step   641/ 1000 | loss 2.2895 | avg50 2.4079 |  12.55 steps/s | elapsed   0.85m | eta   0.48m
step   642/ 1000 | loss 1.9095 | avg50 2.4021 |  12.54 steps/s | elapsed   0.85m | eta   0.48m
step   643/ 1000 | loss 2.5737 | avg50 2.4067 |  12.54 steps/s | elapsed   0.85m | eta   0.47m
step   644/ 1000 | loss 2.2433 | avg50 2.3954 |  12.53 steps/s | elapsed   0.86m | eta   0.47m
step   645/ 1000 | loss 2.3000 | avg50 2.3928 |  12.54 steps/s | elapsed   0.86m | eta   0.47m
step   646/ 1000 | loss 2.0239 | avg50 2.3901 |  12.54 steps/s | elapsed   0.86m | eta   0.47m
step   647/ 1000 | loss 2.3138 | avg50 2.3841 |  12.54 steps/s | elapsed   0.86m | eta   0.47m
step   648/ 1000 | loss 3.1185 | avg50 2.4044 |  12.53 steps/s | elapsed   0.86m | eta   0.47m
step   649/ 1000 | loss 2.1672 | avg50 2.3998 |  12.52 steps/s | elapsed   0.86m | eta   0.47m
step   650/ 1000 | loss 2.6138 | avg50 2.4024 |  12.51 steps/s | elapsed   0.87m | eta   0.47m
step   651/ 1000 | loss 2.4730 | avg50 2.4097 |  12.50 steps/s | elapsed   0.87m | eta   0.47m
step   652/ 1000 | loss 2.4868 | avg50 2.4096 |  12.49 steps/s | elapsed   0.87m | eta   0.46m
step   653/ 1000 | loss 2.3750 | avg50 2.4022 |  12.49 steps/s | elapsed   0.87m | eta   0.46m
step   654/ 1000 | loss 2.1639 | avg50 2.4043 |  12.50 steps/s | elapsed   0.87m | eta   0.46m
step   655/ 1000 | loss 3.0494 | avg50 2.4095 |  12.50 steps/s | elapsed   0.87m | eta   0.46m
step   656/ 1000 | loss 2.4772 | avg50 2.4237 |  12.49 steps/s | elapsed   0.88m | eta   0.46m
step   657/ 1000 | loss 2.1428 | avg50 2.4117 |  12.50 steps/s | elapsed   0.88m | eta   0.46m
step   658/ 1000 | loss 2.9535 | avg50 2.4266 |  12.51 steps/s | elapsed   0.88m | eta   0.46m
step   659/ 1000 | loss 2.5928 | avg50 2.4323 |  12.50 steps/s | elapsed   0.88m | eta   0.45m
step   660/ 1000 | loss 2.4115 | avg50 2.4316 |  12.50 steps/s | elapsed   0.88m | eta   0.45m
step   661/ 1000 | loss 2.1242 | avg50 2.4204 |  12.50 steps/s | elapsed   0.88m | eta   0.45m
step   662/ 1000 | loss 2.9471 | avg50 2.4286 |  12.50 steps/s | elapsed   0.88m | eta   0.45m
step   663/ 1000 | loss 2.6772 | avg50 2.4425 |  12.48 steps/s | elapsed   0.89m | eta   0.45m
step   664/ 1000 | loss 2.6958 | avg50 2.4542 |  12.48 steps/s | elapsed   0.89m | eta   0.45m
step   665/ 1000 | loss 2.4493 | avg50 2.4544 |  12.49 steps/s | elapsed   0.89m | eta   0.45m
step   666/ 1000 | loss 2.0646 | avg50 2.4359 |  12.48 steps/s | elapsed   0.89m | eta   0.45m
step   667/ 1000 | loss 2.9612 | avg50 2.4407 |  12.47 steps/s | elapsed   0.89m | eta   0.45m
step   668/ 1000 | loss 2.8441 | avg50 2.4510 |  12.48 steps/s | elapsed   0.89m | eta   0.44m
step   669/ 1000 | loss 2.1719 | avg50 2.4453 |  12.48 steps/s | elapsed   0.89m | eta   0.44m
step   670/ 1000 | loss 2.1952 | avg50 2.4361 |  12.47 steps/s | elapsed   0.90m | eta   0.44m
step   671/ 1000 | loss 2.1350 | avg50 2.4420 |  12.47 steps/s | elapsed   0.90m | eta   0.44m
step   672/ 1000 | loss 1.8856 | avg50 2.4346 |  12.47 steps/s | elapsed   0.90m | eta   0.44m
step   673/ 1000 | loss 2.5404 | avg50 2.4441 |  12.46 steps/s | elapsed   0.90m | eta   0.44m
step   674/ 1000 | loss 2.4887 | avg50 2.4443 |  12.47 steps/s | elapsed   0.90m | eta   0.44m
step   675/ 1000 | loss 2.7627 | avg50 2.4640 |  12.48 steps/s | elapsed   0.90m | eta   0.43m
step   676/ 1000 | loss 2.1296 | avg50 2.4565 |  12.48 steps/s | elapsed   0.90m | eta   0.43m
step   677/ 1000 | loss 2.0944 | avg50 2.4564 |  12.49 steps/s | elapsed   0.90m | eta   0.43m
step   678/ 1000 | loss 2.2733 | avg50 2.4578 |  12.49 steps/s | elapsed   0.90m | eta   0.43m
step   679/ 1000 | loss 2.3283 | avg50 2.4514 |  12.49 steps/s | elapsed   0.91m | eta   0.43m
step   680/ 1000 | loss 2.2191 | avg50 2.4433 |  12.48 steps/s | elapsed   0.91m | eta   0.43m
step   681/ 1000 | loss 2.9738 | avg50 2.4419 |  12.47 steps/s | elapsed   0.91m | eta   0.43m
step   682/ 1000 | loss 2.0353 | avg50 2.4477 |  12.48 steps/s | elapsed   0.91m | eta   0.42m
step   683/ 1000 | loss 1.5894 | avg50 2.4261 |  12.47 steps/s | elapsed   0.91m | eta   0.42m
step   684/ 1000 | loss 2.3880 | avg50 2.4232 |  12.46 steps/s | elapsed   0.91m | eta   0.42m
step   685/ 1000 | loss 1.8963 | avg50 2.3962 |  12.47 steps/s | elapsed   0.92m | eta   0.42m
step   686/ 1000 | loss 2.4264 | avg50 2.3876 |  12.46 steps/s | elapsed   0.92m | eta   0.42m
step   687/ 1000 | loss 1.8933 | avg50 2.3749 |  12.47 steps/s | elapsed   0.92m | eta   0.42m
step   688/ 1000 | loss 2.3557 | avg50 2.3763 |  12.46 steps/s | elapsed   0.92m | eta   0.42m
step   689/ 1000 | loss 2.3917 | avg50 2.3717 |  12.47 steps/s | elapsed   0.92m | eta   0.42m
step   690/ 1000 | loss 2.3202 | avg50 2.3787 |  12.45 steps/s | elapsed   0.92m | eta   0.41m
step   691/ 1000 | loss 2.0521 | avg50 2.3740 |  12.45 steps/s | elapsed   0.92m | eta   0.41m
step   692/ 1000 | loss 1.8742 | avg50 2.3733 |  12.45 steps/s | elapsed   0.93m | eta   0.41m
step   693/ 1000 | loss 2.1245 | avg50 2.3643 |  12.45 steps/s | elapsed   0.93m | eta   0.41m
step   694/ 1000 | loss 3.7008 | avg50 2.3935 |  12.45 steps/s | elapsed   0.93m | eta   0.41m
step   695/ 1000 | loss 2.7782 | avg50 2.4030 |  12.44 steps/s | elapsed   0.93m | eta   0.41m
step   696/ 1000 | loss 2.4651 | avg50 2.4118 |  12.44 steps/s | elapsed   0.93m | eta   0.41m
step   697/ 1000 | loss 3.2385 | avg50 2.4303 |  12.45 steps/s | elapsed   0.93m | eta   0.41m
step   698/ 1000 | loss 2.6590 | avg50 2.4211 |  12.45 steps/s | elapsed   0.93m | eta   0.40m
step   699/ 1000 | loss 2.6012 | avg50 2.4298 |  12.46 steps/s | elapsed   0.94m | eta   0.40m
step   700/ 1000 | loss 2.3357 | avg50 2.4243 |  12.46 steps/s | elapsed   0.94m | eta   0.40m
step   701/ 1000 | loss 2.1908 | avg50 2.4186 |  12.46 steps/s | elapsed   0.94m | eta   0.40m
step   702/ 1000 | loss 3.2303 | avg50 2.4335 |  12.46 steps/s | elapsed   0.94m | eta   0.40m
step   703/ 1000 | loss 2.5401 | avg50 2.4368 |  12.46 steps/s | elapsed   0.94m | eta   0.40m
step   704/ 1000 | loss 2.0141 | avg50 2.4338 |  12.47 steps/s | elapsed   0.94m | eta   0.40m
step   705/ 1000 | loss 2.2466 | avg50 2.4177 |  12.47 steps/s | elapsed   0.94m | eta   0.39m
step   706/ 1000 | loss 2.2559 | avg50 2.4133 |  12.47 steps/s | elapsed   0.94m | eta   0.39m
step   707/ 1000 | loss 2.6487 | avg50 2.4234 |  12.48 steps/s | elapsed   0.94m | eta   0.39m
step   708/ 1000 | loss 2.7316 | avg50 2.4190 |  12.47 steps/s | elapsed   0.95m | eta   0.39m
step   709/ 1000 | loss 2.0201 | avg50 2.4075 |  12.47 steps/s | elapsed   0.95m | eta   0.39m
step   710/ 1000 | loss 2.2398 | avg50 2.4041 |  12.48 steps/s | elapsed   0.95m | eta   0.39m
step   711/ 1000 | loss 2.8304 | avg50 2.4182 |  12.47 steps/s | elapsed   0.95m | eta   0.39m
step   712/ 1000 | loss 2.4438 | avg50 2.4082 |  12.47 steps/s | elapsed   0.95m | eta   0.39m
step   713/ 1000 | loss 2.4199 | avg50 2.4030 |  12.47 steps/s | elapsed   0.95m | eta   0.38m
step   714/ 1000 | loss 2.5542 | avg50 2.4002 |  12.47 steps/s | elapsed   0.95m | eta   0.38m
step   715/ 1000 | loss 1.9634 | avg50 2.3905 |  12.47 steps/s | elapsed   0.96m | eta   0.38m
step   716/ 1000 | loss 1.8876 | avg50 2.3869 |  12.47 steps/s | elapsed   0.96m | eta   0.38m
step   717/ 1000 | loss 2.1661 | avg50 2.3710 |  12.47 steps/s | elapsed   0.96m | eta   0.38m
step   718/ 1000 | loss 2.0400 | avg50 2.3549 |  12.48 steps/s | elapsed   0.96m | eta   0.38m
step   719/ 1000 | loss 2.6692 | avg50 2.3649 |  12.47 steps/s | elapsed   0.96m | eta   0.38m
step   720/ 1000 | loss 2.1266 | avg50 2.3635 |  12.47 steps/s | elapsed   0.96m | eta   0.37m
step   721/ 1000 | loss 2.1274 | avg50 2.3634 |  12.47 steps/s | elapsed   0.96m | eta   0.37m
step   722/ 1000 | loss 2.6668 | avg50 2.3790 |  12.48 steps/s | elapsed   0.96m | eta   0.37m
step   723/ 1000 | loss 2.1620 | avg50 2.3714 |  12.49 steps/s | elapsed   0.96m | eta   0.37m
step   724/ 1000 | loss 2.7405 | avg50 2.3765 |  12.49 steps/s | elapsed   0.97m | eta   0.37m
step   725/ 1000 | loss 2.8878 | avg50 2.3790 |  12.49 steps/s | elapsed   0.97m | eta   0.37m
step   726/ 1000 | loss 2.6247 | avg50 2.3889 |  12.49 steps/s | elapsed   0.97m | eta   0.37m
step   727/ 1000 | loss 1.7349 | avg50 2.3817 |  12.48 steps/s | elapsed   0.97m | eta   0.36m
step   728/ 1000 | loss 2.1850 | avg50 2.3799 |  12.48 steps/s | elapsed   0.97m | eta   0.36m
step   729/ 1000 | loss 2.2787 | avg50 2.3789 |  12.49 steps/s | elapsed   0.97m | eta   0.36m
step   730/ 1000 | loss 2.2568 | avg50 2.3797 |  12.49 steps/s | elapsed   0.97m | eta   0.36m
step   731/ 1000 | loss 2.5408 | avg50 2.3710 |  12.49 steps/s | elapsed   0.98m | eta   0.36m
step   732/ 1000 | loss 2.5605 | avg50 2.3815 |  12.49 steps/s | elapsed   0.98m | eta   0.36m
step   733/ 1000 | loss 2.5687 | avg50 2.4011 |  12.49 steps/s | elapsed   0.98m | eta   0.36m
step   734/ 1000 | loss 2.9981 | avg50 2.4133 |  12.47 steps/s | elapsed   0.98m | eta   0.36m
step   735/ 1000 | loss 3.1957 | avg50 2.4393 |  12.48 steps/s | elapsed   0.98m | eta   0.35m
step   736/ 1000 | loss 2.4961 | avg50 2.4407 |  12.47 steps/s | elapsed   0.98m | eta   0.35m
step   737/ 1000 | loss 3.1245 | avg50 2.4653 |  12.46 steps/s | elapsed   0.99m | eta   0.35m
step   738/ 1000 | loss 1.8570 | avg50 2.4553 |  12.47 steps/s | elapsed   0.99m | eta   0.35m
step   739/ 1000 | loss 2.1931 | avg50 2.4514 |  12.46 steps/s | elapsed   0.99m | eta   0.35m
step   740/ 1000 | loss 3.2648 | avg50 2.4702 |  12.47 steps/s | elapsed   0.99m | eta   0.35m
step   741/ 1000 | loss 2.7264 | avg50 2.4837 |  12.47 steps/s | elapsed   0.99m | eta   0.35m
step   742/ 1000 | loss 2.7551 | avg50 2.5013 |  12.47 steps/s | elapsed   0.99m | eta   0.34m
step   743/ 1000 | loss 2.4624 | avg50 2.5081 |  12.47 steps/s | elapsed   0.99m | eta   0.34m
step   744/ 1000 | loss 2.4762 | avg50 2.4836 |  12.48 steps/s | elapsed   0.99m | eta   0.34m
step   745/ 1000 | loss 2.1545 | avg50 2.4711 |  12.48 steps/s | elapsed   1.00m | eta   0.34m
step   746/ 1000 | loss 2.8443 | avg50 2.4787 |  12.48 steps/s | elapsed   1.00m | eta   0.34m
step   747/ 1000 | loss 2.7363 | avg50 2.4687 |  12.47 steps/s | elapsed   1.00m | eta   0.34m
step   748/ 1000 | loss 2.8508 | avg50 2.4725 |  12.47 steps/s | elapsed   1.00m | eta   0.34m
step   749/ 1000 | loss 2.4379 | avg50 2.4693 |  12.46 steps/s | elapsed   1.00m | eta   0.34m
step   750/ 1000 | loss 2.0780 | avg50 2.4641 |  12.46 steps/s | elapsed   1.00m | eta   0.33m
step   751/ 1000 | loss 2.3346 | avg50 2.4670 |  12.46 steps/s | elapsed   1.00m | eta   0.33m
step   752/ 1000 | loss 1.8021 | avg50 2.4384 |  12.46 steps/s | elapsed   1.01m | eta   0.33m
step   753/ 1000 | loss 3.0455 | avg50 2.4485 |  12.47 steps/s | elapsed   1.01m | eta   0.33m
step   754/ 1000 | loss 2.4193 | avg50 2.4566 |  12.46 steps/s | elapsed   1.01m | eta   0.33m
step   755/ 1000 | loss 2.6941 | avg50 2.4656 |  12.46 steps/s | elapsed   1.01m | eta   0.33m
step   756/ 1000 | loss 2.6088 | avg50 2.4726 |  12.46 steps/s | elapsed   1.01m | eta   0.33m
step   757/ 1000 | loss 2.4175 | avg50 2.4680 |  12.46 steps/s | elapsed   1.01m | eta   0.33m
step   758/ 1000 | loss 2.3642 | avg50 2.4607 |  12.46 steps/s | elapsed   1.01m | eta   0.32m
step   759/ 1000 | loss 2.2976 | avg50 2.4662 |  12.46 steps/s | elapsed   1.02m | eta   0.32m
step   760/ 1000 | loss 2.6314 | avg50 2.4740 |  12.46 steps/s | elapsed   1.02m | eta   0.32m
step   761/ 1000 | loss 2.4459 | avg50 2.4663 |  12.45 steps/s | elapsed   1.02m | eta   0.32m
step   762/ 1000 | loss 2.1060 | avg50 2.4596 |  12.45 steps/s | elapsed   1.02m | eta   0.32m
step   763/ 1000 | loss 2.1103 | avg50 2.4534 |  12.45 steps/s | elapsed   1.02m | eta   0.32m
step   764/ 1000 | loss 2.0754 | avg50 2.4438 |  12.45 steps/s | elapsed   1.02m | eta   0.32m
step   765/ 1000 | loss 2.0023 | avg50 2.4446 |  12.46 steps/s | elapsed   1.02m | eta   0.31m
step   766/ 1000 | loss 2.4650 | avg50 2.4562 |  12.45 steps/s | elapsed   1.03m | eta   0.31m
step   767/ 1000 | loss 2.7972 | avg50 2.4688 |  12.45 steps/s | elapsed   1.03m | eta   0.31m
step   768/ 1000 | loss 2.5172 | avg50 2.4783 |  12.45 steps/s | elapsed   1.03m | eta   0.31m
step   769/ 1000 | loss 1.9687 | avg50 2.4643 |  12.45 steps/s | elapsed   1.03m | eta   0.31m
step   770/ 1000 | loss 2.2378 | avg50 2.4665 |  12.45 steps/s | elapsed   1.03m | eta   0.31m
step   771/ 1000 | loss 2.4757 | avg50 2.4735 |  12.45 steps/s | elapsed   1.03m | eta   0.31m
step   772/ 1000 | loss 2.0182 | avg50 2.4605 |  12.45 steps/s | elapsed   1.03m | eta   0.31m
step   773/ 1000 | loss 1.7604 | avg50 2.4525 |  12.45 steps/s | elapsed   1.03m | eta   0.30m
step   774/ 1000 | loss 2.6085 | avg50 2.4499 |  12.46 steps/s | elapsed   1.04m | eta   0.30m
step   775/ 1000 | loss 2.8517 | avg50 2.4491 |  12.46 steps/s | elapsed   1.04m | eta   0.30m
step   776/ 1000 | loss 1.8031 | avg50 2.4327 |  12.46 steps/s | elapsed   1.04m | eta   0.30m
step   777/ 1000 | loss 2.8917 | avg50 2.4558 |  12.46 steps/s | elapsed   1.04m | eta   0.30m
step   778/ 1000 | loss 2.0491 | avg50 2.4531 |  12.46 steps/s | elapsed   1.04m | eta   0.30m
step   779/ 1000 | loss 2.7976 | avg50 2.4635 |  12.46 steps/s | elapsed   1.04m | eta   0.30m
step   780/ 1000 | loss 2.0455 | avg50 2.4593 |  12.46 steps/s | elapsed   1.04m | eta   0.29m
step   781/ 1000 | loss 1.8593 | avg50 2.4456 |  12.46 steps/s | elapsed   1.04m | eta   0.29m
step   782/ 1000 | loss 2.8120 | avg50 2.4507 |  12.46 steps/s | elapsed   1.05m | eta   0.29m
step   783/ 1000 | loss 1.7626 | avg50 2.4345 |  12.46 steps/s | elapsed   1.05m | eta   0.29m
step   784/ 1000 | loss 2.4415 | avg50 2.4234 |  12.46 steps/s | elapsed   1.05m | eta   0.29m
step   785/ 1000 | loss 2.2726 | avg50 2.4049 |  12.46 steps/s | elapsed   1.05m | eta   0.29m
step   786/ 1000 | loss 2.1308 | avg50 2.3976 |  12.46 steps/s | elapsed   1.05m | eta   0.29m
step   787/ 1000 | loss 2.6911 | avg50 2.3890 |  12.44 steps/s | elapsed   1.05m | eta   0.29m
step   788/ 1000 | loss 2.7761 | avg50 2.4074 |  12.45 steps/s | elapsed   1.06m | eta   0.28m
step   789/ 1000 | loss 1.9803 | avg50 2.4031 |  12.45 steps/s | elapsed   1.06m | eta   0.28m
step   790/ 1000 | loss 2.2568 | avg50 2.3829 |  12.44 steps/s | elapsed   1.06m | eta   0.28m
step   791/ 1000 | loss 2.1672 | avg50 2.3718 |  12.45 steps/s | elapsed   1.06m | eta   0.28m
step   792/ 1000 | loss 2.1728 | avg50 2.3601 |  12.44 steps/s | elapsed   1.06m | eta   0.28m
step   793/ 1000 | loss 2.1669 | avg50 2.3542 |  12.45 steps/s | elapsed   1.06m | eta   0.28m
step   794/ 1000 | loss 2.2664 | avg50 2.3500 |  12.44 steps/s | elapsed   1.06m | eta   0.28m
step   795/ 1000 | loss 1.9224 | avg50 2.3454 |  12.44 steps/s | elapsed   1.06m | eta   0.27m
step   796/ 1000 | loss 2.4312 | avg50 2.3371 |  12.45 steps/s | elapsed   1.07m | eta   0.27m
step   797/ 1000 | loss 2.1678 | avg50 2.3257 |  12.45 steps/s | elapsed   1.07m | eta   0.27m
step   798/ 1000 | loss 2.7734 | avg50 2.3242 |  12.45 steps/s | elapsed   1.07m | eta   0.27m
step   799/ 1000 | loss 1.8007 | avg50 2.3114 |  12.45 steps/s | elapsed   1.07m | eta   0.27m
step   800/ 1000 | loss 2.2632 | avg50 2.3151 |  12.45 steps/s | elapsed   1.07m | eta   0.27m
step   801/ 1000 | loss 2.1064 | avg50 2.3106 |  12.44 steps/s | elapsed   1.07m | eta   0.27m
step   802/ 1000 | loss 2.1354 | avg50 2.3173 |  12.44 steps/s | elapsed   1.07m | eta   0.27m
step   803/ 1000 | loss 1.8741 | avg50 2.2938 |  12.45 steps/s | elapsed   1.08m | eta   0.26m
step   804/ 1000 | loss 1.9609 | avg50 2.2847 |  12.45 steps/s | elapsed   1.08m | eta   0.26m
step   805/ 1000 | loss 2.6330 | avg50 2.2834 |  12.45 steps/s | elapsed   1.08m | eta   0.26m
step   806/ 1000 | loss 2.1938 | avg50 2.2751 |  12.46 steps/s | elapsed   1.08m | eta   0.26m
step   807/ 1000 | loss 2.1032 | avg50 2.2688 |  12.46 steps/s | elapsed   1.08m | eta   0.26m
step   808/ 1000 | loss 1.9303 | avg50 2.2602 |  12.46 steps/s | elapsed   1.08m | eta   0.26m
step   809/ 1000 | loss 2.2945 | avg50 2.2601 |  12.46 steps/s | elapsed   1.08m | eta   0.26m
step   810/ 1000 | loss 2.0318 | avg50 2.2481 |  12.45 steps/s | elapsed   1.08m | eta   0.25m
step   811/ 1000 | loss 2.0004 | avg50 2.2392 |  12.45 steps/s | elapsed   1.09m | eta   0.25m
step   812/ 1000 | loss 2.3280 | avg50 2.2436 |  12.46 steps/s | elapsed   1.09m | eta   0.25m
step   813/ 1000 | loss 2.4433 | avg50 2.2503 |  12.46 steps/s | elapsed   1.09m | eta   0.25m
step   814/ 1000 | loss 2.2201 | avg50 2.2532 |  12.47 steps/s | elapsed   1.09m | eta   0.25m
step   815/ 1000 | loss 2.2991 | avg50 2.2591 |  12.46 steps/s | elapsed   1.09m | eta   0.25m
step   816/ 1000 | loss 2.7418 | avg50 2.2647 |  12.46 steps/s | elapsed   1.09m | eta   0.25m
step   817/ 1000 | loss 1.7048 | avg50 2.2428 |  12.46 steps/s | elapsed   1.09m | eta   0.24m
step   818/ 1000 | loss 2.5284 | avg50 2.2430 |  12.47 steps/s | elapsed   1.09m | eta   0.24m
step   819/ 1000 | loss 1.9636 | avg50 2.2429 |  12.47 steps/s | elapsed   1.09m | eta   0.24m
step   820/ 1000 | loss 2.4420 | avg50 2.2470 |  12.47 steps/s | elapsed   1.10m | eta   0.24m
step   821/ 1000 | loss 2.2038 | avg50 2.2416 |  12.47 steps/s | elapsed   1.10m | eta   0.24m
step   822/ 1000 | loss 2.5172 | avg50 2.2516 |  12.46 steps/s | elapsed   1.10m | eta   0.24m
step   823/ 1000 | loss 1.7077 | avg50 2.2505 |  12.47 steps/s | elapsed   1.10m | eta   0.24m
step   824/ 1000 | loss 2.2398 | avg50 2.2431 |  12.47 steps/s | elapsed   1.10m | eta   0.24m
step   825/ 1000 | loss 2.8151 | avg50 2.2424 |  12.46 steps/s | elapsed   1.10m | eta   0.23m
step   826/ 1000 | loss 2.4977 | avg50 2.2563 |  12.46 steps/s | elapsed   1.10m | eta   0.23m
step   827/ 1000 | loss 2.6141 | avg50 2.2508 |  12.46 steps/s | elapsed   1.11m | eta   0.23m
step   828/ 1000 | loss 2.7821 | avg50 2.2654 |  12.46 steps/s | elapsed   1.11m | eta   0.23m
step   829/ 1000 | loss 1.8019 | avg50 2.2455 |  12.46 steps/s | elapsed   1.11m | eta   0.23m
step   830/ 1000 | loss 2.4835 | avg50 2.2543 |  12.47 steps/s | elapsed   1.11m | eta   0.23m
step   831/ 1000 | loss 2.0712 | avg50 2.2585 |  12.47 steps/s | elapsed   1.11m | eta   0.23m
step   832/ 1000 | loss 2.0766 | avg50 2.2438 |  12.47 steps/s | elapsed   1.11m | eta   0.22m
step   833/ 1000 | loss 1.8469 | avg50 2.2455 |  12.47 steps/s | elapsed   1.11m | eta   0.22m
step   834/ 1000 | loss 2.2951 | avg50 2.2425 |  12.47 steps/s | elapsed   1.11m | eta   0.22m
step   835/ 1000 | loss 2.4414 | avg50 2.2459 |  12.48 steps/s | elapsed   1.12m | eta   0.22m
step   836/ 1000 | loss 2.5103 | avg50 2.2535 |  12.48 steps/s | elapsed   1.12m | eta   0.22m
step   837/ 1000 | loss 3.3694 | avg50 2.2671 |  12.48 steps/s | elapsed   1.12m | eta   0.22m
step   838/ 1000 | loss 2.3500 | avg50 2.2586 |  12.48 steps/s | elapsed   1.12m | eta   0.22m
step   839/ 1000 | loss 2.3950 | avg50 2.2669 |  12.48 steps/s | elapsed   1.12m | eta   0.21m
step   840/ 1000 | loss 2.5399 | avg50 2.2725 |  12.48 steps/s | elapsed   1.12m | eta   0.21m
step   841/ 1000 | loss 2.9150 | avg50 2.2875 |  12.48 steps/s | elapsed   1.12m | eta   0.21m
step   842/ 1000 | loss 2.4967 | avg50 2.2939 |  12.49 steps/s | elapsed   1.12m | eta   0.21m
step   843/ 1000 | loss 1.9816 | avg50 2.2902 |  12.48 steps/s | elapsed   1.13m | eta   0.21m
step   844/ 1000 | loss 2.6846 | avg50 2.2986 |  12.48 steps/s | elapsed   1.13m | eta   0.21m
step   845/ 1000 | loss 2.5020 | avg50 2.3102 |  12.49 steps/s | elapsed   1.13m | eta   0.21m
step   846/ 1000 | loss 1.8127 | avg50 2.2978 |  12.49 steps/s | elapsed   1.13m | eta   0.21m
step   847/ 1000 | loss 2.8528 | avg50 2.3115 |  12.49 steps/s | elapsed   1.13m | eta   0.20m
step   848/ 1000 | loss 2.0746 | avg50 2.2975 |  12.50 steps/s | elapsed   1.13m | eta   0.20m
step   849/ 1000 | loss 1.5794 | avg50 2.2931 |  12.50 steps/s | elapsed   1.13m | eta   0.20m
step   850/ 1000 | loss 2.4860 | avg50 2.2976 |  12.50 steps/s | elapsed   1.13m | eta   0.20m
step   851/ 1000 | loss 2.7039 | avg50 2.3095 |  12.50 steps/s | elapsed   1.13m | eta   0.20m
step   852/ 1000 | loss 2.1478 | avg50 2.3098 |  12.50 steps/s | elapsed   1.14m | eta   0.20m
step   853/ 1000 | loss 2.3845 | avg50 2.3200 |  12.50 steps/s | elapsed   1.14m | eta   0.20m
step   854/ 1000 | loss 2.3782 | avg50 2.3283 |  12.50 steps/s | elapsed   1.14m | eta   0.19m
step   855/ 1000 | loss 2.3659 | avg50 2.3230 |  12.49 steps/s | elapsed   1.14m | eta   0.19m
step   856/ 1000 | loss 2.1089 | avg50 2.3213 |  12.50 steps/s | elapsed   1.14m | eta   0.19m
step   857/ 1000 | loss 2.8112 | avg50 2.3355 |  12.51 steps/s | elapsed   1.14m | eta   0.19m
step   858/ 1000 | loss 2.7589 | avg50 2.3520 |  12.49 steps/s | elapsed   1.14m | eta   0.19m
step   859/ 1000 | loss 2.1425 | avg50 2.3490 |  12.49 steps/s | elapsed   1.15m | eta   0.19m
step   860/ 1000 | loss 2.4466 | avg50 2.3573 |  12.49 steps/s | elapsed   1.15m | eta   0.19m
step   861/ 1000 | loss 2.6435 | avg50 2.3701 |  12.49 steps/s | elapsed   1.15m | eta   0.19m
step   862/ 1000 | loss 2.6565 | avg50 2.3767 |  12.48 steps/s | elapsed   1.15m | eta   0.18m
step   863/ 1000 | loss 2.5271 | avg50 2.3784 |  12.49 steps/s | elapsed   1.15m | eta   0.18m
step   864/ 1000 | loss 3.1404 | avg50 2.3968 |  12.49 steps/s | elapsed   1.15m | eta   0.18m
step   865/ 1000 | loss 2.0112 | avg50 2.3910 |  12.49 steps/s | elapsed   1.15m | eta   0.18m
step   866/ 1000 | loss 2.0564 | avg50 2.3773 |  12.49 steps/s | elapsed   1.16m | eta   0.18m
step   867/ 1000 | loss 2.1266 | avg50 2.3858 |  12.50 steps/s | elapsed   1.16m | eta   0.18m
step   868/ 1000 | loss 1.8993 | avg50 2.3732 |  12.50 steps/s | elapsed   1.16m | eta   0.18m
step   869/ 1000 | loss 2.4955 | avg50 2.3838 |  12.49 steps/s | elapsed   1.16m | eta   0.17m
step   870/ 1000 | loss 2.7364 | avg50 2.3897 |  12.49 steps/s | elapsed   1.16m | eta   0.17m
step   871/ 1000 | loss 2.2273 | avg50 2.3902 |  12.50 steps/s | elapsed   1.16m | eta   0.17m
step   872/ 1000 | loss 2.3312 | avg50 2.3865 |  12.51 steps/s | elapsed   1.16m | eta   0.17m
step   873/ 1000 | loss 2.7687 | avg50 2.4077 |  12.49 steps/s | elapsed   1.16m | eta   0.17m
step   874/ 1000 | loss 2.2820 | avg50 2.4085 |  12.49 steps/s | elapsed   1.17m | eta   0.17m
step   875/ 1000 | loss 2.2595 | avg50 2.3974 |  12.50 steps/s | elapsed   1.17m | eta   0.17m
step   876/ 1000 | loss 2.3459 | avg50 2.3944 |  12.49 steps/s | elapsed   1.17m | eta   0.17m
step   877/ 1000 | loss 2.0663 | avg50 2.3834 |  12.50 steps/s | elapsed   1.17m | eta   0.16m
step   878/ 1000 | loss 2.7865 | avg50 2.3835 |  12.50 steps/s | elapsed   1.17m | eta   0.16m
step   879/ 1000 | loss 2.1826 | avg50 2.3911 |  12.50 steps/s | elapsed   1.17m | eta   0.16m
step   880/ 1000 | loss 2.6298 | avg50 2.3940 |  12.50 steps/s | elapsed   1.17m | eta   0.16m
step   881/ 1000 | loss 2.3814 | avg50 2.4002 |  12.50 steps/s | elapsed   1.18m | eta   0.16m
step   882/ 1000 | loss 1.8578 | avg50 2.3959 |  12.50 steps/s | elapsed   1.18m | eta   0.16m
step   883/ 1000 | loss 2.1931 | avg50 2.4028 |  12.50 steps/s | elapsed   1.18m | eta   0.16m
step   884/ 1000 | loss 2.1980 | avg50 2.4009 |  12.50 steps/s | elapsed   1.18m | eta   0.15m
step   885/ 1000 | loss 2.2070 | avg50 2.3962 |  12.50 steps/s | elapsed   1.18m | eta   0.15m
step   886/ 1000 | loss 2.1261 | avg50 2.3885 |  12.50 steps/s | elapsed   1.18m | eta   0.15m
step   887/ 1000 | loss 3.0004 | avg50 2.3811 |  12.50 steps/s | elapsed   1.18m | eta   0.15m
step   888/ 1000 | loss 2.2790 | avg50 2.3797 |  12.49 steps/s | elapsed   1.18m | eta   0.15m
step   889/ 1000 | loss 2.6385 | avg50 2.3846 |  12.50 steps/s | elapsed   1.19m | eta   0.15m
step   890/ 1000 | loss 2.0798 | avg50 2.3754 |  12.50 steps/s | elapsed   1.19m | eta   0.15m
step   891/ 1000 | loss 2.1188 | avg50 2.3594 |  12.50 steps/s | elapsed   1.19m | eta   0.15m
step   892/ 1000 | loss 3.4579 | avg50 2.3787 |  12.50 steps/s | elapsed   1.19m | eta   0.14m
step   893/ 1000 | loss 2.0826 | avg50 2.3807 |  12.50 steps/s | elapsed   1.19m | eta   0.14m
step   894/ 1000 | loss 1.7378 | avg50 2.3617 |  12.51 steps/s | elapsed   1.19m | eta   0.14m
step   895/ 1000 | loss 2.0197 | avg50 2.3521 |  12.51 steps/s | elapsed   1.19m | eta   0.14m
step   896/ 1000 | loss 2.4508 | avg50 2.3649 |  12.51 steps/s | elapsed   1.19m | eta   0.14m
step   897/ 1000 | loss 2.2737 | avg50 2.3533 |  12.51 steps/s | elapsed   1.20m | eta   0.14m
step   898/ 1000 | loss 1.9217 | avg50 2.3502 |  12.50 steps/s | elapsed   1.20m | eta   0.14m
step   899/ 1000 | loss 2.2933 | avg50 2.3645 |  12.50 steps/s | elapsed   1.20m | eta   0.13m
step   900/ 1000 | loss 2.7785 | avg50 2.3703 |  12.50 steps/s | elapsed   1.20m | eta   0.13m
step   901/ 1000 | loss 2.0881 | avg50 2.3580 |  12.50 steps/s | elapsed   1.20m | eta   0.13m
step   902/ 1000 | loss 2.3490 | avg50 2.3620 |  12.50 steps/s | elapsed   1.20m | eta   0.13m
step   903/ 1000 | loss 1.7459 | avg50 2.3493 |  12.50 steps/s | elapsed   1.20m | eta   0.13m
step   904/ 1000 | loss 2.0612 | avg50 2.3429 |  12.50 steps/s | elapsed   1.21m | eta   0.13m
step   905/ 1000 | loss 2.1511 | avg50 2.3386 |  12.49 steps/s | elapsed   1.21m | eta   0.13m
step   906/ 1000 | loss 1.9278 | avg50 2.3350 |  12.49 steps/s | elapsed   1.21m | eta   0.13m
step   907/ 1000 | loss 2.6180 | avg50 2.3312 |  12.49 steps/s | elapsed   1.21m | eta   0.12m
step   908/ 1000 | loss 2.3714 | avg50 2.3234 |  12.50 steps/s | elapsed   1.21m | eta   0.12m
step   909/ 1000 | loss 2.2607 | avg50 2.3258 |  12.50 steps/s | elapsed   1.21m | eta   0.12m
step   910/ 1000 | loss 2.7556 | avg50 2.3320 |  12.50 steps/s | elapsed   1.21m | eta   0.12m
step   911/ 1000 | loss 2.2940 | avg50 2.3250 |  12.50 steps/s | elapsed   1.21m | eta   0.12m
step   912/ 1000 | loss 2.6726 | avg50 2.3253 |  12.50 steps/s | elapsed   1.22m | eta   0.12m
step   913/ 1000 | loss 2.4291 | avg50 2.3233 |  12.50 steps/s | elapsed   1.22m | eta   0.12m
step   914/ 1000 | loss 2.8404 | avg50 2.3173 |  12.50 steps/s | elapsed   1.22m | eta   0.11m
step   915/ 1000 | loss 2.2663 | avg50 2.3224 |  12.51 steps/s | elapsed   1.22m | eta   0.11m
step   916/ 1000 | loss 2.3037 | avg50 2.3274 |  12.51 steps/s | elapsed   1.22m | eta   0.11m
step   917/ 1000 | loss 2.2782 | avg50 2.3304 |  12.51 steps/s | elapsed   1.22m | eta   0.11m
step   918/ 1000 | loss 2.4194 | avg50 2.3408 |  12.51 steps/s | elapsed   1.22m | eta   0.11m
step   919/ 1000 | loss 2.4164 | avg50 2.3392 |  12.51 steps/s | elapsed   1.22m | eta   0.11m
step   920/ 1000 | loss 2.6305 | avg50 2.3371 |  12.52 steps/s | elapsed   1.22m | eta   0.11m
step   921/ 1000 | loss 1.9157 | avg50 2.3309 |  12.52 steps/s | elapsed   1.23m | eta   0.11m
step   922/ 1000 | loss 1.8924 | avg50 2.3221 |  12.52 steps/s | elapsed   1.23m | eta   0.10m
step   923/ 1000 | loss 2.0604 | avg50 2.3079 |  12.52 steps/s | elapsed   1.23m | eta   0.10m
step   924/ 1000 | loss 2.5970 | avg50 2.3142 |  12.51 steps/s | elapsed   1.23m | eta   0.10m
step   925/ 1000 | loss 2.1268 | avg50 2.3116 |  12.51 steps/s | elapsed   1.23m | eta   0.10m
step   926/ 1000 | loss 2.0386 | avg50 2.3054 |  12.52 steps/s | elapsed   1.23m | eta   0.10m
step   927/ 1000 | loss 2.5987 | avg50 2.3161 |  12.52 steps/s | elapsed   1.23m | eta   0.10m
step   928/ 1000 | loss 2.3180 | avg50 2.3067 |  12.51 steps/s | elapsed   1.24m | eta   0.10m
step   929/ 1000 | loss 1.8104 | avg50 2.2993 |  12.51 steps/s | elapsed   1.24m | eta   0.09m
step   930/ 1000 | loss 2.4971 | avg50 2.2966 |  12.51 steps/s | elapsed   1.24m | eta   0.09m
step   931/ 1000 | loss 3.1351 | avg50 2.3117 |  12.51 steps/s | elapsed   1.24m | eta   0.09m
step   932/ 1000 | loss 2.3636 | avg50 2.3218 |  12.51 steps/s | elapsed   1.24m | eta   0.09m
step   933/ 1000 | loss 2.4958 | avg50 2.3279 |  12.51 steps/s | elapsed   1.24m | eta   0.09m
step   934/ 1000 | loss 2.1538 | avg50 2.3270 |  12.51 steps/s | elapsed   1.24m | eta   0.09m
step   935/ 1000 | loss 2.0586 | avg50 2.3240 |  12.52 steps/s | elapsed   1.25m | eta   0.09m
step   936/ 1000 | loss 1.8687 | avg50 2.3189 |  12.51 steps/s | elapsed   1.25m | eta   0.09m
step   937/ 1000 | loss 1.8116 | avg50 2.2951 |  12.51 steps/s | elapsed   1.25m | eta   0.08m
step   938/ 1000 | loss 1.6251 | avg50 2.2820 |  12.51 steps/s | elapsed   1.25m | eta   0.08m
step   939/ 1000 | loss 1.9955 | avg50 2.2691 |  12.51 steps/s | elapsed   1.25m | eta   0.08m
step   940/ 1000 | loss 1.7995 | avg50 2.2635 |  12.51 steps/s | elapsed   1.25m | eta   0.08m
step   941/ 1000 | loss 1.9697 | avg50 2.2606 |  12.51 steps/s | elapsed   1.25m | eta   0.08m
step   942/ 1000 | loss 2.1796 | avg50 2.2350 |  12.52 steps/s | elapsed   1.25m | eta   0.08m
step   943/ 1000 | loss 1.9453 | avg50 2.2322 |  12.51 steps/s | elapsed   1.26m | eta   0.08m
step   944/ 1000 | loss 2.6730 | avg50 2.2509 |  12.52 steps/s | elapsed   1.26m | eta   0.07m
step   945/ 1000 | loss 2.1508 | avg50 2.2536 |  12.52 steps/s | elapsed   1.26m | eta   0.07m
step   946/ 1000 | loss 2.3271 | avg50 2.2511 |  12.52 steps/s | elapsed   1.26m | eta   0.07m
step   947/ 1000 | loss 2.0929 | avg50 2.2475 |  12.52 steps/s | elapsed   1.26m | eta   0.07m
step   948/ 1000 | loss 1.7849 | avg50 2.2447 |  12.52 steps/s | elapsed   1.26m | eta   0.07m
step   949/ 1000 | loss 1.9801 | avg50 2.2385 |  12.52 steps/s | elapsed   1.26m | eta   0.07m
step   950/ 1000 | loss 2.3016 | avg50 2.2289 |  12.52 steps/s | elapsed   1.26m | eta   0.07m
step   951/ 1000 | loss 2.7790 | avg50 2.2428 |  12.52 steps/s | elapsed   1.27m | eta   0.07m
step   952/ 1000 | loss 2.0783 | avg50 2.2373 |  12.52 steps/s | elapsed   1.27m | eta   0.06m
step   953/ 1000 | loss 2.2319 | avg50 2.2471 |  12.52 steps/s | elapsed   1.27m | eta   0.06m
step   954/ 1000 | loss 2.1295 | avg50 2.2484 |  12.52 steps/s | elapsed   1.27m | eta   0.06m
step   955/ 1000 | loss 2.5928 | avg50 2.2573 |  12.52 steps/s | elapsed   1.27m | eta   0.06m
step   956/ 1000 | loss 3.0061 | avg50 2.2788 |  12.52 steps/s | elapsed   1.27m | eta   0.06m
step   957/ 1000 | loss 2.1160 | avg50 2.2688 |  12.52 steps/s | elapsed   1.27m | eta   0.06m
step   958/ 1000 | loss 2.2593 | avg50 2.2665 |  12.51 steps/s | elapsed   1.28m | eta   0.06m
step   959/ 1000 | loss 2.0209 | avg50 2.2618 |  12.51 steps/s | elapsed   1.28m | eta   0.05m
step   960/ 1000 | loss 2.1214 | avg50 2.2491 |  12.51 steps/s | elapsed   1.28m | eta   0.05m
step   961/ 1000 | loss 2.2633 | avg50 2.2485 |  12.52 steps/s | elapsed   1.28m | eta   0.05m
step   962/ 1000 | loss 2.3385 | avg50 2.2418 |  12.52 steps/s | elapsed   1.28m | eta   0.05m
step   963/ 1000 | loss 2.5537 | avg50 2.2443 |  12.52 steps/s | elapsed   1.28m | eta   0.05m
step   964/ 1000 | loss 2.7235 | avg50 2.2419 |  12.52 steps/s | elapsed   1.28m | eta   0.05m
step   965/ 1000 | loss 3.3042 | avg50 2.2627 |  12.52 steps/s | elapsed   1.28m | eta   0.05m
step   966/ 1000 | loss 2.1621 | avg50 2.2598 |  12.52 steps/s | elapsed   1.29m | eta   0.05m
step   967/ 1000 | loss 2.9326 | avg50 2.2729 |  12.52 steps/s | elapsed   1.29m | eta   0.04m
step   968/ 1000 | loss 1.8063 | avg50 2.2607 |  12.52 steps/s | elapsed   1.29m | eta   0.04m
step   969/ 1000 | loss 2.2380 | avg50 2.2571 |  12.52 steps/s | elapsed   1.29m | eta   0.04m
step   970/ 1000 | loss 1.9579 | avg50 2.2437 |  12.52 steps/s | elapsed   1.29m | eta   0.04m
step   971/ 1000 | loss 2.3572 | avg50 2.2525 |  12.52 steps/s | elapsed   1.29m | eta   0.04m
step   972/ 1000 | loss 2.1710 | avg50 2.2581 |  12.53 steps/s | elapsed   1.29m | eta   0.04m
step   973/ 1000 | loss 2.5142 | avg50 2.2671 |  12.53 steps/s | elapsed   1.29m | eta   0.04m
step   974/ 1000 | loss 2.0779 | avg50 2.2567 |  12.53 steps/s | elapsed   1.30m | eta   0.03m
step   975/ 1000 | loss 1.9271 | avg50 2.2528 |  12.53 steps/s | elapsed   1.30m | eta   0.03m
step   976/ 1000 | loss 2.0277 | avg50 2.2525 |  12.53 steps/s | elapsed   1.30m | eta   0.03m
step   977/ 1000 | loss 2.5328 | avg50 2.2512 |  12.54 steps/s | elapsed   1.30m | eta   0.03m
step   978/ 1000 | loss 1.8817 | avg50 2.2425 |  12.54 steps/s | elapsed   1.30m | eta   0.03m
step   979/ 1000 | loss 1.9636 | avg50 2.2456 |  12.54 steps/s | elapsed   1.30m | eta   0.03m
step   980/ 1000 | loss 1.9525 | avg50 2.2347 |  12.54 steps/s | elapsed   1.30m | eta   0.03m
step   981/ 1000 | loss 2.4269 | avg50 2.2205 |  12.54 steps/s | elapsed   1.30m | eta   0.03m
step   982/ 1000 | loss 2.8226 | avg50 2.2297 |  12.54 steps/s | elapsed   1.31m | eta   0.02m
step   983/ 1000 | loss 2.4713 | avg50 2.2292 |  12.53 steps/s | elapsed   1.31m | eta   0.02m
step   984/ 1000 | loss 2.0303 | avg50 2.2267 |  12.53 steps/s | elapsed   1.31m | eta   0.02m
step   985/ 1000 | loss 2.7422 | avg50 2.2404 |  12.53 steps/s | elapsed   1.31m | eta   0.02m
step   986/ 1000 | loss 2.6811 | avg50 2.2566 |  12.52 steps/s | elapsed   1.31m | eta   0.02m
step   987/ 1000 | loss 1.9173 | avg50 2.2588 |  12.53 steps/s | elapsed   1.31m | eta   0.02m
step   988/ 1000 | loss 2.4303 | avg50 2.2749 |  12.52 steps/s | elapsed   1.32m | eta   0.02m
step   989/ 1000 | loss 2.4466 | avg50 2.2839 |  12.53 steps/s | elapsed   1.32m | eta   0.01m
step   990/ 1000 | loss 2.6354 | avg50 2.3006 |  12.52 steps/s | elapsed   1.32m | eta   0.01m
step   991/ 1000 | loss 2.1729 | avg50 2.3047 |  12.52 steps/s | elapsed   1.32m | eta   0.01m
step   992/ 1000 | loss 1.9659 | avg50 2.3004 |  12.52 steps/s | elapsed   1.32m | eta   0.01m
step   993/ 1000 | loss 2.4409 | avg50 2.3103 |  12.52 steps/s | elapsed   1.32m | eta   0.01m
step   994/ 1000 | loss 1.9618 | avg50 2.2961 |  12.53 steps/s | elapsed   1.32m | eta   0.01m
step   995/ 1000 | loss 2.5188 | avg50 2.3034 |  12.52 steps/s | elapsed   1.32m | eta   0.01m
step   996/ 1000 | loss 2.1018 | avg50 2.2989 |  12.53 steps/s | elapsed   1.33m | eta   0.01m
step   997/ 1000 | loss 1.7791 | avg50 2.2927 |  12.53 steps/s | elapsed   1.33m | eta   0.00m
step   998/ 1000 | loss 2.4764 | avg50 2.3065 |  12.53 steps/s | elapsed   1.33m | eta   0.00m
step   999/ 1000 | loss 2.4730 | avg50 2.3163 |  12.53 steps/s | elapsed   1.33m | eta   0.00m
step  1000/ 1000 | loss 2.6497 | avg50 2.3233 |  12.53 steps/s | elapsed   1.33m | eta   0.00m

wrote .\weights\microgpt.bin (33600 bytes, 4192 f64 weights)
wrote .\weights\config.json  sha256=9bf6ac8636d6b4b4...
checksums: sum=10.6213267386 abs_sum=516.131639419

training wall time: 1.33 min
